Archive member included to satisfy reference by file (symbol)

c:/nxp/mcuxpressoide_11.6.1_8255/ide/plugins/com.nxp.mcuxpresso.tools.win32_11.6.1.202207200623/tools/bin/../lib/gcc/arm-none-eabi/10.3.1/../../../../arm-none-eabi/lib/thumb/v6-m/nofp\libcr_nohost_nf.a(_cr__main.o)
                              ./startup/startup_lpc8n04.o (__main)
c:/nxp/mcuxpressoide_11.6.1_8255/ide/plugins/com.nxp.mcuxpresso.tools.win32_11.6.1.202207200623/tools/bin/../lib/gcc/arm-none-eabi/10.3.1/../../../../arm-none-eabi/lib/thumb/v6-m/nofp\libcr_nohost_nf.a(_cr_assert.o)
                              ./drivers/fsl_common.o (__assertion_failed)
c:/nxp/mcuxpressoide_11.6.1_8255/ide/plugins/com.nxp.mcuxpresso.tools.win32_11.6.1.202207200623/tools/bin/../lib/gcc/arm-none-eabi/10.3.1/../../../../arm-none-eabi/lib/thumb/v6-m/nofp\libcr_nohost_nf.a(__ciob.o)
                              c:/nxp/mcuxpressoide_11.6.1_8255/ide/plugins/com.nxp.mcuxpresso.tools.win32_11.6.1.202207200623/tools/bin/../lib/gcc/arm-none-eabi/10.3.1/../../../../arm-none-eabi/lib/thumb/v6-m/nofp\libcr_nohost_nf.a(_cr_assert.o) (__Ciob)
c:/nxp/mcuxpressoide_11.6.1_8255/ide/plugins/com.nxp.mcuxpresso.tools.win32_11.6.1.202207200623/tools/bin/../lib/gcc/arm-none-eabi/10.3.1/../../../../arm-none-eabi/lib/thumb/v6-m/nofp\libcr_nohost_nf.a(__sys_appexit.o)
                              c:/nxp/mcuxpressoide_11.6.1_8255/ide/plugins/com.nxp.mcuxpresso.tools.win32_11.6.1.202207200623/tools/bin/../lib/gcc/arm-none-eabi/10.3.1/../../../../arm-none-eabi/lib/thumb/v6-m/nofp\libcr_nohost_nf.a(_cr_assert.o) (__sys_appexit)
c:/nxp/mcuxpressoide_11.6.1_8255/ide/plugins/com.nxp.mcuxpresso.tools.win32_11.6.1.202207200623/tools/bin/../lib/gcc/arm-none-eabi/10.3.1/../../../../arm-none-eabi/lib/thumb/v6-m/nofp\libcr_c.a(memcpy.o)
                              ./drivers/ndeft2t.o (memcpy)
c:/nxp/mcuxpressoide_11.6.1_8255/ide/plugins/com.nxp.mcuxpresso.tools.win32_11.6.1.202207200623/tools/bin/../lib/gcc/arm-none-eabi/10.3.1/../../../../arm-none-eabi/lib/thumb/v6-m/nofp\libcr_c.a(memmove.o)
                              ./drivers/ndeft2t.o (memmove)
c:/nxp/mcuxpressoide_11.6.1_8255/ide/plugins/com.nxp.mcuxpresso.tools.win32_11.6.1.202207200623/tools/bin/../lib/gcc/arm-none-eabi/10.3.1/../../../../arm-none-eabi/lib/thumb/v6-m/nofp\libcr_c.a(_deferredlazyseek.o)
                              c:/nxp/mcuxpressoide_11.6.1_8255/ide/plugins/com.nxp.mcuxpresso.tools.win32_11.6.1.202207200623/tools/bin/../lib/gcc/arm-none-eabi/10.3.1/../../../../arm-none-eabi/lib/thumb/v6-m/nofp\libcr_nohost_nf.a(_cr_assert.o) (__flsbuf)
c:/nxp/mcuxpressoide_11.6.1_8255/ide/plugins/com.nxp.mcuxpresso.tools.win32_11.6.1.202207200623/tools/bin/../lib/gcc/arm-none-eabi/10.3.1/../../../../arm-none-eabi/lib/thumb/v6-m/nofp\libcr_c.a(_fflush.o)
                              c:/nxp/mcuxpressoide_11.6.1_8255/ide/plugins/com.nxp.mcuxpresso.tools.win32_11.6.1.202207200623/tools/bin/../lib/gcc/arm-none-eabi/10.3.1/../../../../arm-none-eabi/lib/thumb/v6-m/nofp\libcr_c.a(_deferredlazyseek.o) (_fflush)
c:/nxp/mcuxpressoide_11.6.1_8255/ide/plugins/com.nxp.mcuxpresso.tools.win32_11.6.1.202207200623/tools/bin/../lib/gcc/arm-none-eabi/10.3.1/../../../../arm-none-eabi/lib/thumb/v6-m/nofp\libcr_c.a(_writebuf.o)
                              c:/nxp/mcuxpressoide_11.6.1_8255/ide/plugins/com.nxp.mcuxpresso.tools.win32_11.6.1.202207200623/tools/bin/../lib/gcc/arm-none-eabi/10.3.1/../../../../arm-none-eabi/lib/thumb/v6-m/nofp\libcr_c.a(_deferredlazyseek.o) (_Cwritebuf)
c:/nxp/mcuxpressoide_11.6.1_8255/ide/plugins/com.nxp.mcuxpresso.tools.win32_11.6.1.202207200623/tools/bin/../lib/gcc/arm-none-eabi/10.3.1/../../../../arm-none-eabi/lib/thumb/v6-m/nofp\libcr_c.a(alloc.o)
                              ./drivers/fsl_common.o (malloc)
c:/nxp/mcuxpressoide_11.6.1_8255/ide/plugins/com.nxp.mcuxpresso.tools.win32_11.6.1.202207200623/tools/bin/../lib/gcc/arm-none-eabi/10.3.1/../../../../arm-none-eabi/lib/thumb/v6-m/nofp\libcr_c.a(fpprintf.o)
                              ./source/power_mode_switch_lpc.o (snprintf)
c:/nxp/mcuxpressoide_11.6.1_8255/ide/plugins/com.nxp.mcuxpresso.tools.win32_11.6.1.202207200623/tools/bin/../lib/gcc/arm-none-eabi/10.3.1/../../../../arm-none-eabi/lib/thumb/v6-m/nofp\libcr_c.a(fputs.o)
                              c:/nxp/mcuxpressoide_11.6.1_8255/ide/plugins/com.nxp.mcuxpresso.tools.win32_11.6.1.202207200623/tools/bin/../lib/gcc/arm-none-eabi/10.3.1/../../../../arm-none-eabi/lib/thumb/v6-m/nofp\libcr_nohost_nf.a(_cr_assert.o) (fputs)
c:/nxp/mcuxpressoide_11.6.1_8255/ide/plugins/com.nxp.mcuxpresso.tools.win32_11.6.1.202207200623/tools/bin/../lib/gcc/arm-none-eabi/10.3.1/../../../../arm-none-eabi/lib/thumb/v6-m/nofp\libcr_c.a(fseek.o)
                              c:/nxp/mcuxpressoide_11.6.1_8255/ide/plugins/com.nxp.mcuxpresso.tools.win32_11.6.1.202207200623/tools/bin/../lib/gcc/arm-none-eabi/10.3.1/../../../../arm-none-eabi/lib/thumb/v6-m/nofp\libcr_c.a(_deferredlazyseek.o) (fseek)
[...]
Memory Configuration

Name             Origin             Length             Attributes
PROGRAM_FLASH    0x00000000         0x00008000         xr
SRAM             0x10000000         0x00001fe0         xrw
IAP_SRAM         0x10001fe0         0x00000020         xrw
*default*        0x00000000         0xffffffff

Linker script and memory map

LOAD ./startup/startup_lpc8n04.o
LOAD ./source/power_mode_switch_lpc.o
LOAD ./source/semihost_hardfault.o
LOAD ./drivers/fsl_clock.o
LOAD ./drivers/fsl_common.o
LOAD ./drivers/fsl_gpio.o
LOAD ./drivers/fsl_nfc.o
LOAD ./drivers/fsl_power.o
LOAD ./drivers/fsl_reset.o
LOAD ./drivers/ndeft2t.o
LOAD ./device/system_LPC8N04.o
LOAD ./board/board.o
LOAD ./board/clock_config.o
LOAD ./board/pin_mux.o
START GROUP
LOAD c:/nxp/mcuxpressoide_11.6.1_8255/ide/plugins/com.nxp.mcuxpresso.tools.win32_11.6.1.202207200623/tools/bin/../lib/gcc/arm-none-eabi/10.3.1/../../../../arm-none-eabi/lib/thumb/v6-m/nofp\libcr_nohost_nf.a
LOAD c:/nxp/mcuxpressoide_11.6.1_8255/ide/plugins/com.nxp.mcuxpresso.tools.win32_11.6.1.202207200623/tools/bin/../lib/gcc/arm-none-eabi/10.3.1/../../../../arm-none-eabi/lib/thumb/v6-m/nofp\libcr_c.a
LOAD c:/nxp/mcuxpressoide_11.6.1_8255/ide/plugins/com.nxp.mcuxpresso.tools.win32_11.6.1.202207200623/tools/bin/../lib/gcc/arm-none-eabi/10.3.1/thumb/v6-m/nofp\libcr_eabihelpers.a
LOAD c:/nxp/mcuxpressoide_11.6.1_8255/ide/plugins/com.nxp.mcuxpresso.tools.win32_11.6.1.202207200623/tools/bin/../lib/gcc/arm-none-eabi/10.3.1/thumb/v6-m/nofp\libgcc.a
END GROUP
                0x00000000                __base_PROGRAM_FLASH = 0x0
                0x00000000                __base_Flash = 0x0
                0x00008000                __top_PROGRAM_FLASH = 0x8000
                0x00008000                __top_Flash = 0x8000
                0x10000000                __base_SRAM = 0x10000000
                0x10000000                __base_RAM = 0x10000000
                0x10001fe0                __top_SRAM = 0x10001fe0
                0x10001fe0                __top_RAM = 0x10001fe0
                0x10001fe0                __base_IAP_SRAM = 0x10001fe0
                0x10001fe0                __base_RAM2 = 0x10001fe0
                0x10002000                __top_IAP_SRAM = 0x10002000
                0x10002000                __top_RAM2 = 0x10002000

.text           0x00000000     0x4248
 FILL mask 0xff
                0x00000000                __vectors_start__ = ABSOLUTE (.)
 *(SORT_BY_ALIGNMENT(.isr_vector))
 .isr_vector    0x00000000       0xc0 ./startup/startup_lpc8n04.o
                0x00000000                g_pfnVectors
                0x00000000                __Vectors
                0x000000c0                . = ALIGN (0x4)
                0x000000c0                __section_table_start = .
                0x000000c0                __data_section_table = .
                0x000000c0        0x4 LONG 0x4248 LOADADDR (.data)
                0x000000c4        0x4 LONG 0x10000000 ADDR (.data)
                0x000000c8        0x4 LONG 0x4 SIZEOF (.data)
                0x000000cc        0x4 LONG 0x4248 LOADADDR (.data_RAM2)
                0x000000d0        0x4 LONG 0x10001fe0 ADDR (.data_RAM2)
                0x000000d4        0x4 LONG 0x0 SIZEOF (.data_RAM2)
                0x000000d8                __data_section_table_end = .
                0x000000d8                __bss_section_table = .
                0x000000d8        0x4 LONG 0x10000004 ADDR (.bss)
                0x000000dc        0x4 LONG 0x31c SIZEOF (.bss)
                0x000000e0        0x4 LONG 0x10001fe0 ADDR (.bss_RAM2)
                0x000000e4        0x4 LONG 0x0 SIZEOF (.bss_RAM2)
                0x000000e8                __bss_section_table_end = .
                0x000000e8                __section_table_end = .
 *(SORT_BY_ALIGNMENT(.after_vectors*))
 .after_vectors.reset
                0x000000e8       0x58 ./startup/startup_lpc8n04.o
                0x000000e8                ResetISR
 .after_vectors.init_data
                0x00000140       0x12 ./startup/startup_lpc8n04.o
                0x00000140                data_init
 .after_vectors.init_bss
                0x00000152       0x10 ./startup/startup_lpc8n04.o
                0x00000152                bss_init
 .after_vectors
                0x00000162      0x10c ./startup/startup_lpc8n04.o
                0x00000162                NMI_Handler
                0x00000166                SVC_Handler
                0x00000168                PendSV_Handler
                0x0000016a                SysTick_Handler
                0x0000016c                PIO0_2_DriverIRQHandler
                0x0000016c                I2C0_DriverIRQHandler
                0x0000016c                RTCPWREQ_DriverIRQHandler
                0x0000016c                PIO0_DriverIRQHandler
                0x0000016c                EEPROM_DriverIRQHandler
                0x0000016c                Reserved39_DriverIRQHandler
                0x0000016c                PMUFLD_DriverIRQHandler
                0x0000016c                RFFIELD_DriverIRQHandler
                0x0000016c                PIO0_0_DriverIRQHandler
                0x0000016c                NFC_DriverIRQHandler
                0x0000016c                Reserved46_DriverIRQHandler
                0x0000016c                PIO0_1_DriverIRQHandler
                0x0000016c                PIO0_10_DriverIRQHandler
                0x0000016c                PIO0_6_DriverIRQHandler
                0x0000016c                C2D_DriverIRQHandler
                0x0000016c                IntDefaultHandler
                0x0000016c                PIO0_7_DriverIRQHandler
                0x0000016c                TSEN_DriverIRQHandler
                0x0000016c                PIO0_8_DriverIRQHandler
                0x0000016c                PIO0_9_DriverIRQHandler
                0x0000016c                PMUBOD_DriverIRQHandler
                0x0000016c                SSP0_DriverIRQHandler
                0x0000016c                I2D_DriverIRQHandler
                0x0000016c                ADCDAC_DriverIRQHandler
                0x0000016c                RTC_DriverIRQHandler
                0x0000016c                FLASH_DriverIRQHandler
                0x0000016c                PIO0_4_DriverIRQHandler
                0x0000016c                Reserved45_DriverIRQHandler
                0x0000016c                CTIMER0_DriverIRQHandler
                0x0000016c                CTIMER1_DriverIRQHandler
                0x0000016c                PIO0_5_DriverIRQHandler
                0x0000016c                PIO0_3_DriverIRQHandler
                0x0000016c                WDT_DriverIRQHandler
                0x0000016e                PIO0_0_IRQHandler
                0x00000176                PIO0_1_IRQHandler
                0x0000017e                PIO0_2_IRQHandler
                0x00000186                PIO0_3_IRQHandler
                0x0000018e                PIO0_4_IRQHandler
                0x00000196                PIO0_5_IRQHandler
                0x0000019e                PIO0_6_IRQHandler
                0x000001a6                PIO0_7_IRQHandler
                0x000001ae                PIO0_8_IRQHandler
                0x000001b6                PIO0_9_IRQHandler
                0x000001be                PIO0_10_IRQHandler
                0x000001c6                RFFIELD_IRQHandler
                0x000001ce                RTCPWREQ_IRQHandler
                0x000001de                RTC_IRQHandler
                0x000001e6                I2C0_IRQHandler
                0x000001ee                CTIMER0_IRQHandler
                0x000001f6                PMUFLD_IRQHandler
                0x000001fe                CTIMER1_IRQHandler
                0x00000206                PMUBOD_IRQHandler
                0x0000020e                SSP0_IRQHandler
                0x00000216                TSEN_IRQHandler
                0x0000021e                C2D_IRQHandler
                0x00000226                Reserved39_IRQHandler
                0x0000022e                I2D_IRQHandler
                0x00000236                ADCDAC_IRQHandler
                0x0000023e                WDT_IRQHandler
                0x00000246                FLASH_IRQHandler
                0x0000024e                EEPROM_IRQHandler
                0x00000256                Reserved45_IRQHandler
                0x0000025e                Reserved46_IRQHandler
 *(SORT_BY_ALIGNMENT(.text*))
 *fill*         0x0000026e        0x2 ff
 .text.__NVIC_EnableIRQ
                0x00000270       0x34 ./source/power_mode_switch_lpc.o
 .text.CLOCK_SetSysClkDiv
                0x000002a4       0x44 ./source/power_mode_switch_lpc.o
 .text.GPIO_PortEnableInterrupts
                0x000002e8       0x28 ./source/power_mode_switch_lpc.o
 .text.GPIO_PortDisableInterrupts
                0x00000310       0x28 ./source/power_mode_switch_lpc.o
 .text.GPIO_PortGetInterruptsFlags
                0x00000338       0x1c ./source/power_mode_switch_lpc.o
 .text.GPIO_PortReadMaskedInterrupts
                0x00000354       0x1c ./source/power_mode_switch_lpc.o
 .text.GPIO_PortClearInterruptFlags
                0x00000370       0x24 ./source/power_mode_switch_lpc.o
 .text.BOARD_IOCON_SetPin
                0x00000394       0x20 ./source/power_mode_switch_lpc.o
                0x00000394                BOARD_IOCON_SetPin
 .text.BOARD_EnableDeepSleepIRQ
                0x000003b4       0x38 ./source/power_mode_switch_lpc.o
                0x000003b4                BOARD_EnableDeepSleepIRQ
 .text.NFC_IRQHandler
                0x000003ec       0x18 ./source/power_mode_switch_lpc.o
                0x000003ec                NFC_IRQHandler
 .text.main     0x00000404       0xcc ./source/power_mode_switch_lpc.o
                0x00000404                main
 .text.HardFault_Handler
                0x000004d0       0x30 ./source/semihost_hardfault.o
                0x000004d0                HardFault_Handler
 .text.GPIO_PinSetInterruptConfig
                0x00000500      0x10c ./drivers/fsl_gpio.o
                0x00000500                GPIO_PinSetInterruptConfig
 .text.POWER_GetPmuAccessReadyStat
                0x0000060c       0x1c ./drivers/fsl_power.o
 .text.POWER_EnterDeepSleep
                0x00000628       0x60 ./drivers/fsl_power.o
                0x00000628                POWER_EnterDeepSleep
 .text.__NVIC_EnableIRQ
                0x00000688       0x34 ./drivers/ndeft2t.o
 .text.NDEFT2T_Init
                0x000006bc       0x6c ./drivers/ndeft2t.o
                0x000006bc                NDEFT2T_Init
 .text.NDEFT2T_CreateMessage
                0x00000728       0xbc ./drivers/ndeft2t.o
                0x00000728                NDEFT2T_CreateMessage
 .text.NDEFT2T_CreateTextRecord
                0x000007e4       0x44 ./drivers/ndeft2t.o
                0x000007e4                NDEFT2T_CreateTextRecord
 .text.NDEFT2T_WriteRecordPayload
                0x00000828       0xa0 ./drivers/ndeft2t.o
                0x00000828                NDEFT2T_WriteRecordPayload
 .text.NDEFT2T_CommitRecord
                0x000008c8       0x98 ./drivers/ndeft2t.o
                0x000008c8                NDEFT2T_CommitRecord
 .text.NDEFT2T_CommitMessage
                0x00000960      0x208 ./drivers/ndeft2t.o
                0x00000960                NDEFT2T_CommitMessage
 .text.CreateRecord
                0x00000b68      0x1ac ./drivers/ndeft2t.o
 .text.DisableTermTlvDetection
                0x00000d14       0x3c ./drivers/ndeft2t.o
 .text.NDEFT2T_IRQHandler
                0x00000d50       0xf0 ./drivers/ndeft2t.o
                0x00000d50                NDEFT2T_IRQHandler
 .text.SystemInit
                0x00000e40       0x2c ./device/system_LPC8N04.o
                0x00000e40                SystemInit
 .text.SystemCoreClockUpdate
                0x00000e6c       0x58 ./device/system_LPC8N04.o
                0x00000e6c                SystemCoreClockUpdate
 .text.CLOCKOUT_Enable
                0x00000ec4       0x34 ./board/clock_config.o
 .text.CLOCK_UpdateWdtClk
                0x00000ef8       0x28 ./board/clock_config.o
 .text.CLOCK_Select
                0x00000f20       0x38 ./board/clock_config.o
 .text.CLOCK_SetClkDivider
                0x00000f58       0x38 ./board/clock_config.o
 .text.CLOCK_SetSysClkDiv
                0x00000f90       0x44 ./board/clock_config.o
 .text.BOARD_BootClockSFRO500kHz
                0x00000fd4       0x40 ./board/clock_config.o
                0x00000fd4                BOARD_BootClockSFRO500kHz
 .text.CLOCK_EnableClock
                0x00001014       0x34 ./board/pin_mux.o
 .text.GPIO_PortEnableInterrupts
                0x00001048       0x28 ./board/pin_mux.o
 .text.BOARD_InitPins
                0x00001070       0x68 ./board/pin_mux.o
                0x00001070                BOARD_InitPins
 .text.__assertion_failed
                0x000010d8       0x4c c:/nxp/mcuxpressoide_11.6.1_8255/ide/plugins/com.nxp.mcuxpresso.tools.win32_11.6.1.202207200623/tools/bin/../lib/gcc/arm-none-eabi/10.3.1/../../../../arm-none-eabi/lib/thumb/v6-m/nofp\libcr_nohost_nf.a(_cr_assert.o)
                0x000010d8                __assertion_failed
 .text._deferredlazyseek
                0x00001124       0x40 c:/nxp/mcuxpressoide_11.6.1_8255/ide/plugins/com.nxp.mcuxpresso.tools.win32_11.6.1.202207200623/tools/bin/../lib/gcc/arm-none-eabi/10.3.1/../../../../arm-none-eabi/lib/thumb/v6-m/nofp\libcr_c.a(_deferredlazyseek.o)
                0x00001124                _deferredlazyseek
 .text.__flsbuf
                0x00001164      0x150 c:/nxp/mcuxpressoide_11.6.1_8255/ide/plugins/com.nxp.mcuxpresso.tools.win32_11.6.1.202207200623/tools/bin/../lib/gcc/arm-none-eabi/10.3.1/../../../../arm-none-eabi/lib/thumb/v6-m/nofp\libcr_c.a(_deferredlazyseek.o)
                0x00001164                __flsbuf
 .text._fflush  0x000012b4       0x60 c:/nxp/mcuxpressoide_11.6.1_8255/ide/plugins/com.nxp.mcuxpresso.tools.win32_11.6.1.202207200623/tools/bin/../lib/gcc/arm-none-eabi/10.3.1/../../../../arm-none-eabi/lib/thumb/v6-m/nofp\libcr_c.a(_fflush.o)
                0x000012b4                _fflush
 .text._Cwritebuf
                0x00001314       0x68 c:/nxp/mcuxpressoide_11.6.1_8255/ide/plugins/com.nxp.mcuxpresso.tools.win32_11.6.1.202207200623/tools/bin/../lib/gcc/arm-none-eabi/10.3.1/../../../../arm-none-eabi/lib/thumb/v6-m/nofp\libcr_c.a(_writebuf.o)
                0x00001314                _Cwritebuf
 .text.malloc   0x0000137c       0xcc c:/nxp/mcuxpressoide_11.6.1_8255/ide/plugins/com.nxp.mcuxpresso.tools.win32_11.6.1.202207200623/tools/bin/../lib/gcc/arm-none-eabi/10.3.1/../../../../arm-none-eabi/lib/thumb/v6-m/nofp\libcr_c.a(alloc.o)
                0x0000137c                malloc
 .text._Csys_alloc
                0x00001448       0x20 c:/nxp/mcuxpressoide_11.6.1_8255/ide/plugins/com.nxp.mcuxpresso.tools.win32_11.6.1.202207200623/tools/bin/../lib/gcc/arm-none-eabi/10.3.1/../../../../arm-none-eabi/lib/thumb/v6-m/nofp\libcr_c.a(alloc.o)
                0x00001448                _Csys_alloc
 .text.sprintf  0x00001468       0x6c c:/nxp/mcuxpressoide_11.6.1_8255/ide/plugins/com.nxp.mcuxpresso.tools.win32_11.6.1.202207200623/tools/bin/../lib/gcc/arm-none-eabi/10.3.1/../../../../arm-none-eabi/lib/thumb/v6-m/nofp\libcr_c.a(fpprintf.o)
                0x00001468                sprintf
 .text.fp_display
                0x000014d4      0x97c c:/nxp/mcuxpressoide_11.6.1_8255/ide/plugins/com.nxp.mcuxpresso.tools.win32_11.6.1.202207200623/tools/bin/../lib/gcc/arm-none-eabi/10.3.1/../../../../arm-none-eabi/lib/thumb/v6-m/nofp\libcr_c.a(fpprintf.o)
 .text.snprintf
                0x00001e50       0x7c c:/nxp/mcuxpressoide_11.6.1_8255/ide/plugins/com.nxp.mcuxpresso.tools.win32_11.6.1.202207200623/tools/bin/../lib/gcc/arm-none-eabi/10.3.1/../../../../arm-none-eabi/lib/thumb/v6-m/nofp\libcr_c.a(fpprintf.o)
                0x00001e50                snprintf
 .text.fseek    0x00001ecc       0xf0 c:/nxp/mcuxpressoide_11.6.1_8255/ide/plugins/com.nxp.mcuxpresso.tools.win32_11.6.1.202207200623/tools/bin/../lib/gcc/arm-none-eabi/10.3.1/../../../../arm-none-eabi/lib/thumb/v6-m/nofp\libcr_c.a(fseek.o)
                0x00001ecc                fseek
 .text.ftell    0x00001fbc       0x48 c:/nxp/mcuxpressoide_11.6.1_8255/ide/plugins/com.nxp.mcuxpresso.tools.win32_11.6.1.202207200623/tools/bin/../lib/gcc/arm-none-eabi/10.3.1/../../../../arm-none-eabi/lib/thumb/v6-m/nofp\libcr_c.a(ftell.o)
                0x00001fbc                ftell
 .text._initio  0x00002004       0x7c c:/nxp/mcuxpressoide_11.6.1_8255/ide/plugins/com.nxp.mcuxpresso.tools.win32_11.6.1.202207200623/tools/bin/../lib/gcc/arm-none-eabi/10.3.1/../../../../arm-none-eabi/lib/thumb/v6-m/nofp\libcr_c.a(initio.o)
                0x00002004                _initio
 .text.__vfprintf
                0x00002080      0xd40 c:/nxp/mcuxpressoide_11.6.1_8255/ide/plugins/com.nxp.mcuxpresso.tools.win32_11.6.1.202207200623/tools/bin/../lib/gcc/arm-none-eabi/10.3.1/../../../../arm-none-eabi/lib/thumb/v6-m/nofp\libcr_c.a(printf.o)
                0x00002080                __vfprintf
 .text.setvbuf  0x00002dc0       0x4c c:/nxp/mcuxpressoide_11.6.1_8255/ide/plugins/com.nxp.mcuxpresso.tools.win32_11.6.1.202207200623/tools/bin/../lib/gcc/arm-none-eabi/10.3.1/../../../../arm-none-eabi/lib/thumb/v6-m/nofp\libcr_c.a(setvbuf.o)
                0x00002dc0                setvbuf
 .text.strlen   0x00002e0c       0x58 c:/nxp/mcuxpressoide_11.6.1_8255/ide/plugins/com.nxp.mcuxpresso.tools.win32_11.6.1.202207200623/tools/bin/../lib/gcc/arm-none-eabi/10.3.1/../../../../arm-none-eabi/lib/thumb/v6-m/nofp\libcr_c.a(strlen.o)
                0x00002e0c                strlen
 .text._sbrk    0x00002e64       0x44 c:/nxp/mcuxpressoide_11.6.1_8255/ide/plugins/com.nxp.mcuxpresso.tools.win32_11.6.1.202207200623/tools/bin/../lib/gcc/arm-none-eabi/10.3.1/../../../../arm-none-eabi/lib/thumb/v6-m/nofp\libcr_c.a(_cr_sbrk.o)
                0x00002e64                _sbrk
 .text._fdopen  0x00002ea8       0x74 c:/nxp/mcuxpressoide_11.6.1_8255/ide/plugins/com.nxp.mcuxpresso.tools.win32_11.6.1.202207200623/tools/bin/../lib/gcc/arm-none-eabi/10.3.1/../../../../arm-none-eabi/lib/thumb/v6-m/nofp\libcr_c.a(_fdopen.o)
                0x00002ea8                _fdopen
 .text._frexpl  0x00002f1c       0x80 c:/nxp/mcuxpressoide_11.6.1_8255/ide/plugins/com.nxp.mcuxpresso.tools.win32_11.6.1.202207200623/tools/bin/../lib/gcc/arm-none-eabi/10.3.1/../../../../arm-none-eabi/lib/thumb/v6-m/nofp\libcr_c.a(_frexpl.o)
                0x00002f1c                _frexpl
 .text._ldexpl  0x00002f9c       0x58 c:/nxp/mcuxpressoide_11.6.1_8255/ide/plugins/com.nxp.mcuxpresso.tools.win32_11.6.1.202207200623/tools/bin/../lib/gcc/arm-none-eabi/10.3.1/../../../../arm-none-eabi/lib/thumb/v6-m/nofp\libcr_c.a(_ldexpl.o)
                0x00002f9c                _ldexpl
 .text.fclose   0x00002ff4       0x5c c:/nxp/mcuxpressoide_11.6.1_8255/ide/plugins/com.nxp.mcuxpresso.tools.win32_11.6.1.202207200623/tools/bin/../lib/gcc/arm-none-eabi/10.3.1/../../../../arm-none-eabi/lib/thumb/v6-m/nofp\libcr_c.a(fclose.o)
                0x00002ff4                fclose
 .text.fflush   0x00003050       0x44 c:/nxp/mcuxpressoide_11.6.1_8255/ide/plugins/com.nxp.mcuxpresso.tools.win32_11.6.1.202207200623/tools/bin/../lib/gcc/arm-none-eabi/10.3.1/../../../../arm-none-eabi/lib/thumb/v6-m/nofp\libcr_c.a(fflush.o)
                0x00003050                fflush
 .text.__check_heap_overflow
                0x00003094       0x18 c:/nxp/mcuxpressoide_11.6.1_8255/ide/plugins/com.nxp.mcuxpresso.tools.win32_11.6.1.202207200623/tools/bin/../lib/gcc/arm-none-eabi/10.3.1/../../../../arm-none-eabi/lib/thumb/v6-m/nofp\libcr_c.a(_cr_check_heap.o)
                0x00003094                __check_heap_overflow
 .text._do_fflush
                0x000030ac       0x48 c:/nxp/mcuxpressoide_11.6.1_8255/ide/plugins/com.nxp.mcuxpresso.tools.win32_11.6.1.202207200623/tools/bin/../lib/gcc/arm-none-eabi/10.3.1/../../../../arm-none-eabi/lib/thumb/v6-m/nofp\libcr_c.a(_do_fflush.o)
                0x000030ac                _do_fflush
 .text.__aeabi_dmul
                0x000030f4      0x184 c:/nxp/mcuxpressoide_11.6.1_8255/ide/plugins/com.nxp.mcuxpresso.tools.win32_11.6.1.202207200623/tools/bin/../lib/gcc/arm-none-eabi/10.3.1/thumb/v6-m/nofp\libcr_eabihelpers.a(double.o)
                0x000030f4                __aeabi_dmul
 .text.__aeabi_ddiv
                0x00003278      0x14c c:/nxp/mcuxpressoide_11.6.1_8255/ide/plugins/com.nxp.mcuxpresso.tools.win32_11.6.1.202207200623/tools/bin/../lib/gcc/arm-none-eabi/10.3.1/thumb/v6-m/nofp\libcr_eabihelpers.a(double.o)
                0x00003278                __aeabi_ddiv
 .text.__aeabi_dsub
                0x000033c4      0x1c0 c:/nxp/mcuxpressoide_11.6.1_8255/ide/plugins/com.nxp.mcuxpresso.tools.win32_11.6.1.202207200623/tools/bin/../lib/gcc/arm-none-eabi/10.3.1/thumb/v6-m/nofp\libcr_eabihelpers.a(double.o)
                0x000033c4                __aeabi_dsub
 .text.__aeabi_dadd
                0x00003584      0x134 c:/nxp/mcuxpressoide_11.6.1_8255/ide/plugins/com.nxp.mcuxpresso.tools.win32_11.6.1.202207200623/tools/bin/../lib/gcc/arm-none-eabi/10.3.1/thumb/v6-m/nofp\libcr_eabihelpers.a(double.o)
                0x00003584                __aeabi_dadd
 .text.__aeabi_d2iz
                0x000036b8       0x50 c:/nxp/mcuxpressoide_11.6.1_8255/ide/plugins/com.nxp.mcuxpresso.tools.win32_11.6.1.202207200623/tools/bin/../lib/gcc/arm-none-eabi/10.3.1/thumb/v6-m/nofp\libcr_eabihelpers.a(double.o)
                0x000036b8                __aeabi_d2iz
 .text.__aeabi_dcmpeq
                0x00003708       0x30 c:/nxp/mcuxpressoide_11.6.1_8255/ide/plugins/com.nxp.mcuxpresso.tools.win32_11.6.1.202207200623/tools/bin/../lib/gcc/arm-none-eabi/10.3.1/thumb/v6-m/nofp\libcr_eabihelpers.a(double.o)
                0x00003708                __aeabi_dcmpeq
 .text.__aeabi_dcmplt
                0x00003738       0x60 c:/nxp/mcuxpressoide_11.6.1_8255/ide/plugins/com.nxp.mcuxpresso.tools.win32_11.6.1.202207200623/tools/bin/../lib/gcc/arm-none-eabi/10.3.1/thumb/v6-m/nofp\libcr_eabihelpers.a(double.o)
                0x00003738                __aeabi_dcmplt
 .text.__aeabi_dcmple
                0x00003798       0x5c c:/nxp/mcuxpressoide_11.6.1_8255/ide/plugins/com.nxp.mcuxpresso.tools.win32_11.6.1.202207200623/tools/bin/../lib/gcc/arm-none-eabi/10.3.1/thumb/v6-m/nofp\libcr_eabihelpers.a(double.o)
                0x00003798                __aeabi_dcmple
 .text.__aeabi_dcmpge
                0x000037f4       0x5c c:/nxp/mcuxpressoide_11.6.1_8255/ide/plugins/com.nxp.mcuxpresso.tools.win32_11.6.1.202207200623/tools/bin/../lib/gcc/arm-none-eabi/10.3.1/thumb/v6-m/nofp\libcr_eabihelpers.a(double.o)
                0x000037f4                __aeabi_dcmpge
 .text.EnableIRQ
                0x00003850       0x30 ./source/power_mode_switch_lpc.o
 .text.PIO0_IRQHandler
                0x00003880       0x46 ./source/power_mode_switch_lpc.o
                0x00003880                PIO0_IRQHandler
 .text.DEMO_PreEnterLowPower
                0x000038c6       0x22 ./source/power_mode_switch_lpc.o
                0x000038c6                DEMO_PreEnterLowPower
 .text.GPIO_PinWrite
                0x000038e8       0x2c ./drivers/fsl_gpio.o
 .text.GPIO_PinInit
                0x00003914       0x86 ./drivers/fsl_gpio.o
                0x00003914                GPIO_PinInit
 .text.POWER_ReadPmuReg
                0x0000399a       0x4e ./drivers/fsl_power.o
                0x0000399a                POWER_ReadPmuReg
 .text.POWER_WritePmuReg
                0x000039e8       0x42 ./drivers/fsl_power.o
                0x000039e8                POWER_WritePmuReg
 .text.POWER_ClrPmuRegBit
                0x00003a2a       0x34 ./drivers/fsl_power.o
                0x00003a2a                POWER_ClrPmuRegBit
 .text.NFC_EnableInterrupts
                0x00003a5e       0x26 ./drivers/ndeft2t.o
 .text.NFC_DisableInterrupts
                0x00003a84       0x28 ./drivers/ndeft2t.o
 .text.NFC_GetEnabledInterrupts
                0x00003aac       0x18 ./drivers/ndeft2t.o
 .text.NFC_GetInterruptStatus
                0x00003ac4       0x18 ./drivers/ndeft2t.o
 .text.NFC_ClearInterruptStatus
                0x00003adc       0x1c ./drivers/ndeft2t.o
 .text.NFC_SetTargetAddress
                0x00003af8       0x1a ./drivers/ndeft2t.o
 .text.DecodeNdefTlv
                0x00003b12       0x94 ./drivers/ndeft2t.o
 .text.EnableTermTlvDetection
                0x00003ba6       0x2c ./drivers/ndeft2t.o
 .text.SystemInitHook
                0x00003bd2        0xa ./device/system_LPC8N04.o
                0x00003bd2                SystemInitHook
 .text.BOARD_InitBootClocks
                0x00003bdc        0xe ./board/clock_config.o
                0x00003bdc                BOARD_InitBootClocks
 .text.IOCON_PinMuxSet
                0x00003bea       0x40 ./board/pin_mux.o
 .text.__main   0x00003c2a        0xc c:/nxp/mcuxpressoide_11.6.1_8255/ide/plugins/com.nxp.mcuxpresso.tools.win32_11.6.1.202207200623/tools/bin/../lib/gcc/arm-none-eabi/10.3.1/../../../../arm-none-eabi/lib/thumb/v6-m/nofp\libcr_nohost_nf.a(_cr__main.o)
                0x00003c2a                __main
 .text.__sys_appexit
                0x00003c36        0x2 c:/nxp/mcuxpressoide_11.6.1_8255/ide/plugins/com.nxp.mcuxpresso.tools.win32_11.6.1.202207200623/tools/bin/../lib/gcc/arm-none-eabi/10.3.1/../../../../arm-none-eabi/lib/thumb/v6-m/nofp\libcr_nohost_nf.a(__sys_appexit.o)
                0x00003c36                __sys_appexit
                0x00003c36                __exit
 .text.memcpy   0x00003c38        0x8 c:/nxp/mcuxpressoide_11.6.1_8255/ide/plugins/com.nxp.mcuxpresso.tools.win32_11.6.1.202207200623/tools/bin/../lib/gcc/arm-none-eabi/10.3.1/../../../../arm-none-eabi/lib/thumb/v6-m/nofp\libcr_c.a(memcpy.o)
                0x00003c38                memcpy
 .text.memmove  0x00003c40        0x8 c:/nxp/mcuxpressoide_11.6.1_8255/ide/plugins/com.nxp.mcuxpresso.tools.win32_11.6.1.202207200623/tools/bin/../lib/gcc/arm-none-eabi/10.3.1/../../../../arm-none-eabi/lib/thumb/v6-m/nofp\libcr_c.a(memmove.o)
                0x00003c40                memmove
 .text.free     0x00003c48       0x2c c:/nxp/mcuxpressoide_11.6.1_8255/ide/plugins/com.nxp.mcuxpresso.tools.win32_11.6.1.202207200623/tools/bin/../lib/gcc/arm-none-eabi/10.3.1/../../../../arm-none-eabi/lib/thumb/v6-m/nofp\libcr_c.a(alloc.o)
                0x00003c48                free
 .text.fp_round
                0x00003c74       0x4a c:/nxp/mcuxpressoide_11.6.1_8255/ide/plugins/com.nxp.mcuxpresso.tools.win32_11.6.1.202207200623/tools/bin/../lib/gcc/arm-none-eabi/10.3.1/../../../../arm-none-eabi/lib/thumb/v6-m/nofp\libcr_c.a(fpprintf.o)
 .text.pr_dec.constprop.0
                0x00003cbe       0x30 c:/nxp/mcuxpressoide_11.6.1_8255/ide/plugins/com.nxp.mcuxpresso.tools.win32_11.6.1.202207200623/tools/bin/../lib/gcc/arm-none-eabi/10.3.1/../../../../arm-none-eabi/lib/thumb/v6-m/nofp\libcr_c.a(fpprintf.o)
 .text.fputs    0x00003cee       0x2e c:/nxp/mcuxpressoide_11.6.1_8255/ide/plugins/com.nxp.mcuxpresso.tools.win32_11.6.1.202207200623/tools/bin/../lib/gcc/arm-none-eabi/10.3.1/../../../../arm-none-eabi/lib/thumb/v6-m/nofp\libcr_c.a(fputs.o)
                0x00003cee                fputs
 .text.memset   0x00003d1c        0x8 c:/nxp/mcuxpressoide_11.6.1_8255/ide/plugins/com.nxp.mcuxpresso.tools.win32_11.6.1.202207200623/tools/bin/../lib/gcc/arm-none-eabi/10.3.1/../../../../arm-none-eabi/lib/thumb/v6-m/nofp\libcr_c.a(memset.o)
                0x00003d1c                memset
 .text.remove   0x00003d24       0x12 c:/nxp/mcuxpressoide_11.6.1_8255/ide/plugins/com.nxp.mcuxpresso.tools.win32_11.6.1.202207200623/tools/bin/../lib/gcc/arm-none-eabi/10.3.1/../../../../arm-none-eabi/lib/thumb/v6-m/nofp\libcr_c.a(remove.o)
                0x00003d24                remove
 .text.__aeabi_division_idivmod
                0x00003d36       0x78 c:/nxp/mcuxpressoide_11.6.1_8255/ide/plugins/com.nxp.mcuxpresso.tools.win32_11.6.1.202207200623/tools/bin/../lib/gcc/arm-none-eabi/10.3.1/thumb/v6-m/nofp\libcr_eabihelpers.a(division_32.o)
                0x00003d36                __aeabi_idivmod
                0x00003d36                __aeabi_idiv
                0x00003d3c                __aeabi_uidivmod
                0x00003d3c                __aeabi_uidiv
 .text.__aeabi_division_idiv0
                0x00003dae        0x2 c:/nxp/mcuxpressoide_11.6.1_8255/ide/plugins/com.nxp.mcuxpresso.tools.win32_11.6.1.202207200623/tools/bin/../lib/gcc/arm-none-eabi/10.3.1/thumb/v6-m/nofp\libcr_eabihelpers.a(division_idiv0.o)
                0x00003dae                __aeabi_idiv0
 .text.__bhs_ui2d
                0x00003db0       0x5e c:/nxp/mcuxpressoide_11.6.1_8255/ide/plugins/com.nxp.mcuxpresso.tools.win32_11.6.1.202207200623/tools/bin/../lib/gcc/arm-none-eabi/10.3.1/thumb/v6-m/nofp\libcr_eabihelpers.a(double.o)
                0x00003db0                __bhs_ui2d
 .text.__aeabi_i2d
                0x00003e0e       0x18 c:/nxp/mcuxpressoide_11.6.1_8255/ide/plugins/com.nxp.mcuxpresso.tools.win32_11.6.1.202207200623/tools/bin/../lib/gcc/arm-none-eabi/10.3.1/thumb/v6-m/nofp\libcr_eabihelpers.a(double.o)
                0x00003e0e                __aeabi_i2d
 .text.__aeabi_llong_lmul
                0x00003e26       0x2e c:/nxp/mcuxpressoide_11.6.1_8255/ide/plugins/com.nxp.mcuxpresso.tools.win32_11.6.1.202207200623/tools/bin/../lib/gcc/arm-none-eabi/10.3.1/thumb/v6-m/nofp\libcr_eabihelpers.a(llong.o)
                0x00003e26                __aeabi_lmul
 .text.__aeabi_memcpy
                0x00003e54       0x2c c:/nxp/mcuxpressoide_11.6.1_8255/ide/plugins/com.nxp.mcuxpresso.tools.win32_11.6.1.202207200623/tools/bin/../lib/gcc/arm-none-eabi/10.3.1/thumb/v6-m/nofp\libcr_eabihelpers.a(memcpy.o)
                0x00003e54                __aeabi_memcpy4
                0x00003e54                __aeabi_memcpy8
                0x00003e54                __aeabi_memcpy
 .text.__aeabi_memmove
                0x00003e80       0x1c c:/nxp/mcuxpressoide_11.6.1_8255/ide/plugins/com.nxp.mcuxpresso.tools.win32_11.6.1.202207200623/tools/bin/../lib/gcc/arm-none-eabi/10.3.1/thumb/v6-m/nofp\libcr_eabihelpers.a(memcpy.o)
                0x00003e80                __aeabi_memmove
                0x00003e80                __aeabi_memmove4
                0x00003e80                __aeabi_memmove8
 .text.__aeabi_memset_lowlevel
                0x00003e9c       0x2a c:/nxp/mcuxpressoide_11.6.1_8255/ide/plugins/com.nxp.mcuxpresso.tools.win32_11.6.1.202207200623/tools/bin/../lib/gcc/arm-none-eabi/10.3.1/thumb/v6-m/nofp\libcr_eabihelpers.a(memcpy.o)
                0x00003e9c                __aeabi_lowlevel_memset
 .text.__gnu_thumb1_case_shi
                0x00003ec6       0x10 c:/nxp/mcuxpressoide_11.6.1_8255/ide/plugins/com.nxp.mcuxpresso.tools.win32_11.6.1.202207200623/tools/bin/../lib/gcc/arm-none-eabi/10.3.1/thumb/v6-m/nofp\libcr_eabihelpers.a(thumb1_switch_helpers.o)
                0x00003ec6                __gnu_thumb1_case_shi
 .text.__sys_close
                0x00003ed6        0x6 c:/nxp/mcuxpressoide_11.6.1_8255/ide/plugins/com.nxp.mcuxpresso.tools.win32_11.6.1.202207200623/tools/bin/../lib/gcc/arm-none-eabi/10.3.1/../../../../arm-none-eabi/lib/thumb/v6-m/nofp\libcr_nohost_nf.a(__sys_close.o)
                0x00003ed6                __sys_close
 .text.__sys_flen
                0x00003edc        0x6 c:/nxp/mcuxpressoide_11.6.1_8255/ide/plugins/com.nxp.mcuxpresso.tools.win32_11.6.1.202207200623/tools/bin/../lib/gcc/arm-none-eabi/10.3.1/../../../../arm-none-eabi/lib/thumb/v6-m/nofp\libcr_nohost_nf.a(__sys_flen.o)
                0x00003edc                __sys_flen
 .text.__sys_istty
                0x00003ee2        0x6 c:/nxp/mcuxpressoide_11.6.1_8255/ide/plugins/com.nxp.mcuxpresso.tools.win32_11.6.1.202207200623/tools/bin/../lib/gcc/arm-none-eabi/10.3.1/../../../../arm-none-eabi/lib/thumb/v6-m/nofp\libcr_nohost_nf.a(__sys_istty.o)
                0x00003ee2                __sys_istty
 .text.__sys_remove
                0x00003ee8        0x6 c:/nxp/mcuxpressoide_11.6.1_8255/ide/plugins/com.nxp.mcuxpresso.tools.win32_11.6.1.202207200623/tools/bin/../lib/gcc/arm-none-eabi/10.3.1/../../../../arm-none-eabi/lib/thumb/v6-m/nofp\libcr_nohost_nf.a(__sys_remove.o)
                0x00003ee8                __sys_remove
 .text.__sys_seek
                0x00003eee        0x6 c:/nxp/mcuxpressoide_11.6.1_8255/ide/plugins/com.nxp.mcuxpresso.tools.win32_11.6.1.202207200623/tools/bin/../lib/gcc/arm-none-eabi/10.3.1/../../../../arm-none-eabi/lib/thumb/v6-m/nofp\libcr_nohost_nf.a(__sys_seek.o)
                0x00003eee                __sys_seek
 .text.__sys_tmpnam
                0x00003ef4        0x6 c:/nxp/mcuxpressoide_11.6.1_8255/ide/plugins/com.nxp.mcuxpresso.tools.win32_11.6.1.202207200623/tools/bin/../lib/gcc/arm-none-eabi/10.3.1/../../../../arm-none-eabi/lib/thumb/v6-m/nofp\libcr_nohost_nf.a(__sys_tmpnam.o)
                0x00003ef4                __sys_tmpnam
 .text.__sys_write
                0x00003efa        0x4 c:/nxp/mcuxpressoide_11.6.1_8255/ide/plugins/com.nxp.mcuxpresso.tools.win32_11.6.1.202207200623/tools/bin/../lib/gcc/arm-none-eabi/10.3.1/../../../../arm-none-eabi/lib/thumb/v6-m/nofp\libcr_nohost_nf.a(__sys_write.o)
                0x00003efa                __sys_write
 *(SORT_BY_ALIGNMENT(.rodata) SORT_BY_ALIGNMENT(.rodata.*) SORT_BY_ALIGNMENT(.constdata) SORT_BY_ALIGNMENT(.constdata.*))
 *fill*         0x00003efe        0x2 ff
 .rodata.main.str1.4
                0x00003f00       0x22 ./source/power_mode_switch_lpc.o
 *fill*         0x00003f22        0x2 ff
 .rodata.GPIO_PinSetInterruptConfig
                0x00003f24       0x18 ./drivers/fsl_gpio.o
 .rodata.defaultBytes
                0x00003f3c        0xc ./drivers/ndeft2t.o
 .rodata.NDEFT2T_CreateMessage.str1.4
                0x00003f48       0xc2 ./drivers/ndeft2t.o
 *fill*         0x0000400a        0x2 ff
 .rodata.NDEFT2T_CreateTextRecord.str1.4
                0x0000400c       0x48 ./drivers/ndeft2t.o
 .rodata.NDEFT2T_WriteRecordPayload.str1.4
                0x00004054       0x4f ./drivers/ndeft2t.o
 *fill*         0x000040a3        0x1 ff
 .rodata.NDEFT2T_CommitRecord.str1.4
                0x000040a4       0x5f ./drivers/ndeft2t.o
 *fill*         0x00004103        0x1 ff
 .rodata.NDEFT2T_CommitMessage.str1.4
                0x00004104       0x6e ./drivers/ndeft2t.o
 *fill*         0x00004172        0x2 ff
 .rodata.CreateRecord.str1.4
                0x00004174       0x3c ./drivers/ndeft2t.o
 .rodata.__num_Ciob_streams
                0x000041b0        0x4 c:/nxp/mcuxpressoide_11.6.1_8255/ide/plugins/com.nxp.mcuxpresso.tools.win32_11.6.1.202207200623/tools/bin/../lib/gcc/arm-none-eabi/10.3.1/../../../../arm-none-eabi/lib/thumb/v6-m/nofp\libcr_nohost_nf.a(__ciob.o)
                0x000041b0                __num_Ciob_streams
 .rodata.__assertion_failed.str1.1
                0x000041b4       0x15 c:/nxp/mcuxpressoide_11.6.1_8255/ide/plugins/com.nxp.mcuxpresso.tools.win32_11.6.1.202207200623/tools/bin/../lib/gcc/arm-none-eabi/10.3.1/../../../../arm-none-eabi/lib/thumb/v6-m/nofp\libcr_nohost_nf.a(_cr_assert.o)
 .rodata._Csys_alloc.str1.1
                0x000041c9       0x18 c:/nxp/mcuxpressoide_11.6.1_8255/ide/plugins/com.nxp.mcuxpresso.tools.win32_11.6.1.202207200623/tools/bin/../lib/gcc/arm-none-eabi/10.3.1/../../../../arm-none-eabi/lib/thumb/v6-m/nofp\libcr_c.a(alloc.o)
 .rodata.fp_display.str1.1
                0x000041e1       0x32 c:/nxp/mcuxpressoide_11.6.1_8255/ide/plugins/com.nxp.mcuxpresso.tools.win32_11.6.1.202207200623/tools/bin/../lib/gcc/arm-none-eabi/10.3.1/../../../../arm-none-eabi/lib/thumb/v6-m/nofp\libcr_c.a(fpprintf.o)
                                 0x35 (size before relaxing)
 .rodata._initio.str1.1
                0x00004213        0x4 c:/nxp/mcuxpressoide_11.6.1_8255/ide/plugins/com.nxp.mcuxpresso.tools.win32_11.6.1.202207200623/tools/bin/../lib/gcc/arm-none-eabi/10.3.1/../../../../arm-none-eabi/lib/thumb/v6-m/nofp\libcr_c.a(initio.o)
 .rodata.__vfprintf.str1.1
                0x00004217       0x31 c:/nxp/mcuxpressoide_11.6.1_8255/ide/plugins/com.nxp.mcuxpresso.tools.win32_11.6.1.202207200623/tools/bin/../lib/gcc/arm-none-eabi/10.3.1/../../../../arm-none-eabi/lib/thumb/v6-m/nofp\libcr_c.a(printf.o)
                                 0x38 (size before relaxing)
                0x00004248                . = ALIGN (0x4)
                0x00004248                _etext = .

.glue_7         0x00004248        0x0
 .glue_7        0x00004248        0x0 linker stubs

.glue_7t        0x00004248        0x0
 .glue_7t       0x00004248        0x0 linker stubs

.vfp11_veneer   0x00004248        0x0
 .vfp11_veneer  0x00004248        0x0 linker stubs

.v4_bx          0x00004248        0x0
 .v4_bx         0x00004248        0x0 linker stubs

.iplt           0x00004248        0x0
 .iplt          0x00004248        0x0 ./startup/startup_lpc8n04.o

.rel.dyn        0x00004248        0x0
 .rel.iplt      0x00004248        0x0 ./startup/startup_lpc8n04.o

.data_RAM2      0x10001fe0        0x0 load address 0x00004248
 FILL mask 0xff
                [!provide]                PROVIDE (__start_data_RAM2 = .)
                [!provide]                PROVIDE (__start_data_IAP_SRAM = .)
 *(SORT_BY_ALIGNMENT(.ramfunc.$RAM2))
 *(SORT_BY_ALIGNMENT(.ramfunc.$IAP_SRAM))
 *(SORT_BY_ALIGNMENT(.data.$RAM2))
 *(SORT_BY_ALIGNMENT(.data.$IAP_SRAM))
 *(SORT_BY_ALIGNMENT(.data.$RAM2.*))
 *(SORT_BY_ALIGNMENT(.data.$IAP_SRAM.*))
                0x10001fe0                . = ALIGN (0x4)
                [!provide]                PROVIDE (__end_data_RAM2 = .)
                [!provide]                PROVIDE (__end_data_IAP_SRAM = .)

.uninit_RESERVED
                0x10000000        0x0
                0x10000000                _start_uninit_RESERVED = .
 *(SORT_BY_ALIGNMENT(.bss.$RESERVED*))
                0x10000000                . = ALIGN (0x4)
                0x10000000                _end_uninit_RESERVED = .

.data           0x10000000        0x4 load address 0x00004248
 FILL mask 0xff
                0x10000000                _data = .
                [!provide]                PROVIDE (__start_data_RAM = .)
                [!provide]                PROVIDE (__start_data_SRAM = .)
 *(SORT_BY_ALIGNMENT(vtable))
 *(SORT_BY_ALIGNMENT(.ramfunc*))
 *(SORT_BY_ALIGNMENT(CodeQuickAccess))
 *(SORT_BY_ALIGNMENT(DataQuickAccess))
 *(SORT_BY_ALIGNMENT(RamFunction))
 *(SORT_BY_ALIGNMENT(.data*))
 .data.SystemCoreClock
                0x10000000        0x4 ./device/system_LPC8N04.o
                0x10000000                SystemCoreClock
                0x10000004                . = ALIGN (0x4)
                0x10000004                _edata = .
                [!provide]                PROVIDE (__end_data_RAM = .)
                [!provide]                PROVIDE (__end_data_SRAM = .)

.igot.plt       0x10000004        0x0 load address 0x0000424c
 .igot.plt      0x10000004        0x0 ./startup/startup_lpc8n04.o

.bss_RAM2       0x10001fe0        0x0
                [!provide]                PROVIDE (__start_bss_RAM2 = .)
                [!provide]                PROVIDE (__start_bss_IAP_SRAM = .)
 *(SORT_BY_ALIGNMENT(.bss.$RAM2))
 *(SORT_BY_ALIGNMENT(.bss.$IAP_SRAM))
 *(SORT_BY_ALIGNMENT(.bss.$RAM2.*))
 *(SORT_BY_ALIGNMENT(.bss.$IAP_SRAM.*))
                0x10001fe0                . = ALIGN ((. != 0x0)?0x4:0x1)
                [!provide]                PROVIDE (__end_bss_RAM2 = .)
                [!provide]                PROVIDE (__end_bss_IAP_SRAM = .)

.bss            0x10000004      0x31c
                0x10000004                _bss = .
                [!provide]                PROVIDE (__start_bss_RAM = .)
                [!provide]                PROVIDE (__start_bss_SRAM = .)
 *(SORT_BY_ALIGNMENT(.bss*))
 .bss.vibrations
                0x10000004        0x4 ./source/power_mode_switch_lpc.o
                0x10000004                vibrations
 .bss.vibCount  0x10000008       0x32 ./source/power_mode_switch_lpc.o
                0x10000008                vibCount
 *fill*         0x1000003a        0x2 
 .bss.instance  0x1000003c       0x1c ./source/power_mode_switch_lpc.o
                0x1000003c                instance
 .bss.buffer    0x10000058      0x1fc ./source/power_mode_switch_lpc.o
                0x10000058                buffer
 .bss.sTermTlvOffset
                0x10000254        0x4 ./drivers/ndeft2t.o
 .bss.sTermTlvPage
                0x10000258        0x4 ./drivers/ndeft2t.o
 .bss.stickyMEM_WRITE
                0x1000025c        0x4 ./drivers/ndeft2t.o
 .bss.__Ciob    0x10000260       0xb4 c:/nxp/mcuxpressoide_11.6.1_8255/ide/plugins/com.nxp.mcuxpresso.tools.win32_11.6.1.202207200623/tools/bin/../lib/gcc/arm-none-eabi/10.3.1/../../../../arm-none-eabi/lib/thumb/v6-m/nofp\libcr_nohost_nf.a(__ciob.o)
                0x10000260                __Ciob
 .bss.__end_of_heap
                0x10000314        0x4 c:/nxp/mcuxpressoide_11.6.1_8255/ide/plugins/com.nxp.mcuxpresso.tools.win32_11.6.1.202207200623/tools/bin/../lib/gcc/arm-none-eabi/10.3.1/../../../../arm-none-eabi/lib/thumb/v6-m/nofp\libcr_c.a(__init_alloc.o)
                0x10000314                __end_of_heap
 .bss.__heaps   0x10000318        0x4 c:/nxp/mcuxpressoide_11.6.1_8255/ide/plugins/com.nxp.mcuxpresso.tools.win32_11.6.1.202207200623/tools/bin/../lib/gcc/arm-none-eabi/10.3.1/../../../../arm-none-eabi/lib/thumb/v6-m/nofp\libcr_c.a(__init_alloc.o)
                0x10000318                __heaps
 .bss.errno     0x1000031c        0x4 c:/nxp/mcuxpressoide_11.6.1_8255/ide/plugins/com.nxp.mcuxpresso.tools.win32_11.6.1.202207200623/tools/bin/../lib/gcc/arm-none-eabi/10.3.1/../../../../arm-none-eabi/lib/thumb/v6-m/nofp\libcr_c.a(errno.o)
                0x1000031c                errno
 *(SORT_BY_ALIGNMENT(COMMON))
                0x10000320                . = ALIGN (0x4)
                0x10000320                _ebss = .
                [!provide]                PROVIDE (__end_bss_RAM = .)
                [!provide]                PROVIDE (__end_bss_SRAM = .)
                [!provide]                PROVIDE (end = .)

.noinit_RAM2    0x10001fe0        0x0
                [!provide]                PROVIDE (__start_noinit_RAM2 = .)
                [!provide]                PROVIDE (__start_noinit_IAP_SRAM = .)
 *(SORT_BY_ALIGNMENT(.noinit.$RAM2))
 *(SORT_BY_ALIGNMENT(.noinit.$IAP_SRAM))
 *(SORT_BY_ALIGNMENT(.noinit.$RAM2.*))
 *(SORT_BY_ALIGNMENT(.noinit.$IAP_SRAM.*))
                0x10001fe0                . = ALIGN (0x4)
                [!provide]                PROVIDE (__end_noinit_RAM2 = .)
                [!provide]                PROVIDE (__end_noinit_IAP_SRAM = .)

.noinit         0x10000320        0x0
                0x10000320                _noinit = .
                [!provide]                PROVIDE (__start_noinit_RAM = .)
                [!provide]                PROVIDE (__start_noinit_SRAM = .)
 *(SORT_BY_ALIGNMENT(.noinit*))
                0x10000320                . = ALIGN (0x4)
                0x10000320                _end_noinit = .
                [!provide]                PROVIDE (__end_noinit_RAM = .)
                [!provide]                PROVIDE (__end_noinit_SRAM = .)

.ARM.extab
 *(SORT_BY_ALIGNMENT(.ARM.extab*) SORT_BY_ALIGNMENT(.gnu.linkonce.armextab.*))

.ARM.exidx      0x0000424c        0x0
                0x0000424c                __exidx_start = .
 *(SORT_BY_ALIGNMENT(.ARM.exidx*) SORT_BY_ALIGNMENT(.gnu.linkonce.armexidx.*))
                0x0000424c                __exidx_end = .
                0x000001f8                _HeapSize = 0x1f8

.heap           0x10000320      0x1f8
                0x10000320                _pvHeapStart = .
                0x10000518                . = (. + _HeapSize)
 *fill*         0x10000320      0x1f8 
                0x10000518                . = ALIGN (0x4)
                0x10000518                _pvHeapLimit = .
                0x000001f8                _StackSize = 0x1f8

.heap2stackfill
                0x10000518      0x1f8
                0x10000710                . = (. + _StackSize)
 *fill*         0x10000518      0x1f8 

.stack          0x10001de8        0x0
                0x10001de8                _vStackBase = .
                0x10001de8                . = ALIGN (0x4)
                0x10001fe0                _vStackTop = (. + _StackSize)
                0xefffd903                PROVIDE (__valid_user_code_checksum = (0x0 - (((_vStackTop + (ResetISR + 0x1)) + (DEFINED (NMI_Handler)?NMI_Handler:M0_NMI_Handler + 0x1)) + (DEFINED (HardFault_Handler)?HardFault_Handler:M0_HardFault_Handler + 0x1))))
                0x00000000                _image_start = LOADADDR (.text)
                0x0000424c                _image_end = (LOADADDR (.data) + SIZEOF (.data))
                0x0000424c                _image_size = (_image_end - _image_start)
OUTPUT(lpc8n04devboard_power_mode_switch_lpc_1.axf elf32-littlearm)
LOAD linker stubs

.debug_info     0x00000000     0x4a28
 .debug_info    0x00000000      0x4a6 ./startup/startup_lpc8n04.o
 .debug_info    0x000004a6      0xd12 ./source/power_mode_switch_lpc.o
 .debug_info    0x000011b8       0x3c ./source/semihost_hardfault.o
 .debug_info    0x000011f4      0x8b4 ./drivers/fsl_gpio.o
 .debug_info    0x00001aa8      0xb79 ./drivers/fsl_power.o
 .debug_info    0x00002621     0x14a4 ./drivers/ndeft2t.o
 .debug_info    0x00003ac5      0x436 ./device/system_LPC8N04.o
 .debug_info    0x00003efb      0x522 ./board/clock_config.o
 .debug_info    0x0000441d      0x60b ./board/pin_mux.o

.debug_abbrev   0x00000000     0x10f2
 .debug_abbrev  0x00000000      0x1ba ./startup/startup_lpc8n04.o
 .debug_abbrev  0x000001ba      0x2d8 ./source/power_mode_switch_lpc.o
 .debug_abbrev  0x00000492       0x31 ./source/semihost_hardfault.o
 .debug_abbrev  0x000004c3      0x1ae ./drivers/fsl_gpio.o
 .debug_abbrev  0x00000671      0x2ae ./drivers/fsl_power.o
 .debug_abbrev  0x0000091f      0x2eb ./drivers/ndeft2t.o
 .debug_abbrev  0x00000c0a      0x170 ./device/system_LPC8N04.o
 .debug_abbrev  0x00000d7a      0x1ac ./board/clock_config.o
 .debug_abbrev  0x00000f26      0x1cc ./board/pin_mux.o

.debug_aranges  0x00000000      0x4c0
 .debug_aranges
                0x00000000      0x160 ./startup/startup_lpc8n04.o
 .debug_aranges
                0x00000160       0x88 ./source/power_mode_switch_lpc.o
 .debug_aranges
                0x000001e8       0x20 ./source/semihost_hardfault.o
 .debug_aranges
                0x00000208       0x40 ./drivers/fsl_gpio.o
 .debug_aranges
                0x00000248       0x90 ./drivers/fsl_power.o
 .debug_aranges
                0x000002d8       0xf0 ./drivers/ndeft2t.o
 .debug_aranges
                0x000003c8       0x30 ./device/system_LPC8N04.o
 .debug_aranges
                0x000003f8       0x88 ./board/clock_config.o
 .debug_aranges
                0x00000480       0x40 ./board/pin_mux.o

.debug_ranges   0x00000000      0x430
 .debug_ranges  0x00000000      0x150 ./startup/startup_lpc8n04.o
 .debug_ranges  0x00000150       0x78 ./source/power_mode_switch_lpc.o
 .debug_ranges  0x000001c8       0x10 ./source/semihost_hardfault.o
 .debug_ranges  0x000001d8       0x30 ./drivers/fsl_gpio.o
 .debug_ranges  0x00000208       0x80 ./drivers/fsl_power.o
 .debug_ranges  0x00000288       0xe0 ./drivers/ndeft2t.o
 .debug_ranges  0x00000368       0x20 ./device/system_LPC8N04.o
 .debug_ranges  0x00000388       0x78 ./board/clock_config.o
 .debug_ranges  0x00000400       0x30 ./board/pin_mux.o

.debug_macro    0x00000000     0x4455
 .debug_macro   0x00000000       0x32 ./startup/startup_lpc8n04.o
 .debug_macro   0x00000032      0xa7e ./startup/startup_lpc8n04.o
 .debug_macro   0x00000ab0       0x34 ./startup/startup_lpc8n04.o
 .debug_macro   0x00000ae4      0x17c ./source/power_mode_switch_lpc.o
 .debug_macro   0x00000c60       0x10 ./source/power_mode_switch_lpc.o
 .debug_macro   0x00000c70       0x1c ./source/power_mode_switch_lpc.o
 .debug_macro   0x00000c8c       0x22 ./source/power_mode_switch_lpc.o
 .debug_macro   0x00000cae      0x12e ./source/power_mode_switch_lpc.o
 .debug_macro   0x00000ddc      0x5b3 ./source/power_mode_switch_lpc.o
 .debug_macro   0x0000138f       0x22 ./source/power_mode_switch_lpc.o
 .debug_macro   0x000013b1       0x10 ./source/power_mode_switch_lpc.o
 .debug_macro   0x000013c1       0x3a ./source/power_mode_switch_lpc.o
 .debug_macro   0x000013fb       0x1c ./source/power_mode_switch_lpc.o
 .debug_macro   0x00001417       0x22 ./source/power_mode_switch_lpc.o
 .debug_macro   0x00001439       0xd1 ./source/power_mode_switch_lpc.o
 .debug_macro   0x0000150a      0x3ad ./source/power_mode_switch_lpc.o
 .debug_macro   0x000018b7       0x16 ./source/power_mode_switch_lpc.o
 .debug_macro   0x000018cd     0x2025 ./source/power_mode_switch_lpc.o
 .debug_macro   0x000038f2       0xd6 ./source/power_mode_switch_lpc.o
 .debug_macro   0x000039c8       0xd7 ./source/power_mode_switch_lpc.o
 .debug_macro   0x00003a9f       0x7c ./source/power_mode_switch_lpc.o
 .debug_macro   0x00003b1b       0x16 ./source/power_mode_switch_lpc.o
 .debug_macro   0x00003b31       0x22 ./source/power_mode_switch_lpc.o
 .debug_macro   0x00003b53       0x28 ./source/power_mode_switch_lpc.o
 .debug_macro   0x00003b7b       0x16 ./source/power_mode_switch_lpc.o
 .debug_macro   0x00003b91       0x10 ./source/power_mode_switch_lpc.o
 .debug_macro   0x00003ba1       0x1c ./source/power_mode_switch_lpc.o
 .debug_macro   0x00003bbd       0x4a ./source/power_mode_switch_lpc.o
 .debug_macro   0x00003c07       0x22 ./source/power_mode_switch_lpc.o
 .debug_macro   0x00003c29       0x1c ./source/power_mode_switch_lpc.o
 .debug_macro   0x00003c45       0x35 ./source/power_mode_switch_lpc.o
 .debug_macro   0x00003c7a       0x11 ./source/semihost_hardfault.o
 .debug_macro   0x00003c8b      0x11c ./drivers/fsl_gpio.o
 .debug_macro   0x00003da7      0x11b ./drivers/fsl_power.o
 .debug_macro   0x00003ec2       0x10 ./drivers/fsl_power.o
 .debug_macro   0x00003ed2      0x1f1 ./drivers/ndeft2t.o
 .debug_macro   0x000040c3       0x97 ./device/system_LPC8N04.o
 .debug_macro   0x0000415a      0x12c ./board/clock_config.o
 .debug_macro   0x00004286       0x44 ./board/clock_config.o
 .debug_macro   0x000042ca      0x121 ./board/pin_mux.o
 .debug_macro   0x000043eb       0x6a ./board/pin_mux.o

.debug_line     0x00000000     0x2f25
 .debug_line    0x00000000      0x270 ./startup/startup_lpc8n04.o
 .debug_line    0x00000270      0x732 ./source/power_mode_switch_lpc.o
 .debug_line    0x000009a2       0x59 ./source/semihost_hardfault.o
 .debug_line    0x000009fb      0x453 ./drivers/fsl_gpio.o
 .debug_line    0x00000e4e      0x6b3 ./drivers/fsl_power.o
 .debug_line    0x00001501      0xd3e ./drivers/ndeft2t.o
 .debug_line    0x0000223f      0x2e2 ./device/system_LPC8N04.o
 .debug_line    0x00002521      0x5b1 ./board/clock_config.o
 .debug_line    0x00002ad2      0x453 ./board/pin_mux.o

.debug_str      0x00000000    0x1a112
 .debug_str     0x00000000     0x3186 ./startup/startup_lpc8n04.o
                               0x31b3 (size before relaxing)
 .debug_str     0x00003186    0x15a80 ./source/power_mode_switch_lpc.o
                              0x1882a (size before relaxing)
 .debug_str     0x00018c06       0x1f ./source/semihost_hardfault.o
                               0x2cef (size before relaxing)
 .debug_str     0x00018c25      0x2b7 ./drivers/fsl_gpio.o
                              0x17dfa (size before relaxing)
 .debug_str     0x00018edc      0x24a ./drivers/fsl_power.o
                              0x1789c (size before relaxing)
 .debug_str     0x00019126      0xb51 ./drivers/ndeft2t.o
                              0x18cbd (size before relaxing)
 .debug_str     0x00019c77       0x65 ./device/system_LPC8N04.o
                              0x1665a (size before relaxing)
 .debug_str     0x00019cdc      0x213 ./board/clock_config.o
                              0x177ff (size before relaxing)
 .debug_str     0x00019eef      0x223 ./board/pin_mux.o
                              0x177b9 (size before relaxing)

.comment        0x00000000       0x49
 .comment       0x00000000       0x49 ./startup/startup_lpc8n04.o
                                 0x4a (size before relaxing)
 .comment       0x00000049       0x4a ./source/power_mode_switch_lpc.o
 .comment       0x00000049       0x4a ./source/semihost_hardfault.o
 .comment       0x00000049       0x4a ./drivers/fsl_gpio.o
 .comment       0x00000049       0x4a ./drivers/fsl_power.o
 .comment       0x00000049       0x4a ./drivers/ndeft2t.o
 .comment       0x00000049       0x4a ./device/system_LPC8N04.o
 .comment       0x00000049       0x4a ./board/clock_config.o
 .comment       0x00000049       0x4a ./board/pin_mux.o
 .comment       0x00000049       0x4a c:/nxp/mcuxpressoide_11.6.1_8255/ide/plugins/com.nxp.mcuxpresso.tools.win32_11.6.1.202207200623/tools/bin/../lib/gcc/arm-none-eabi/10.3.1/../../../../arm-none-eabi/lib/thumb/v6-m/nofp\libcr_nohost_nf.a(_cr__main.o)
 .comment       0x00000049       0x4a c:/nxp/mcuxpressoide_11.6.1_8255/ide/plugins/com.nxp.mcuxpresso.tools.win32_11.6.1.202207200623/tools/bin/../lib/gcc/arm-none-eabi/10.3.1/../../../../arm-none-eabi/lib/thumb/v6-m/nofp\libcr_nohost_nf.a(_cr_assert.o)
 .comment       0x00000049       0x4a c:/nxp/mcuxpressoide_11.6.1_8255/ide/plugins/com.nxp.mcuxpresso.tools.win32_11.6.1.202207200623/tools/bin/../lib/gcc/arm-none-eabi/10.3.1/../../../../arm-none-eabi/lib/thumb/v6-m/nofp\libcr_nohost_nf.a(__ciob.o)
 .comment       0x00000049       0x4a c:/nxp/mcuxpressoide_11.6.1_8255/ide/plugins/com.nxp.mcuxpresso.tools.win32_11.6.1.202207200623/tools/bin/../lib/gcc/arm-none-eabi/10.3.1/../../../../arm-none-eabi/lib/thumb/v6-m/nofp\libcr_nohost_nf.a(__sys_appexit.o)
 .comment       0x00000049       0x4a c:/nxp/mcuxpressoide_11.6.1_8255/ide/plugins/com.nxp.mcuxpresso.tools.win32_11.6.1.202207200623/tools/bin/../lib/gcc/arm-none-eabi/10.3.1/../../../../arm-none-eabi/lib/thumb/v6-m/nofp\libcr_c.a(memcpy.o)
 .comment       0x00000049       0x4a c:/nxp/mcuxpressoide_11.6.1_8255/ide/plugins/com.nxp.mcuxpresso.tools.win32_11.6.1.202207200623/tools/bin/../lib/gcc/arm-none-eabi/10.3.1/../../../../arm-none-eabi/lib/thumb/v6-m/nofp\libcr_c.a(memmove.o)
 .comment       0x00000049       0x4a c:/nxp/mcuxpressoide_11.6.1_8255/ide/plugins/com.nxp.mcuxpresso.tools.win32_11.6.1.202207200623/tools/bin/../lib/gcc/arm-none-eabi/10.3.1/../../../../arm-none-eabi/lib/thumb/v6-m/nofp\libcr_c.a(_deferredlazyseek.o)
 .comment       0x00000049       0x4a c:/nxp/mcuxpressoide_11.6.1_8255/ide/plugins/com.nxp.mcuxpresso.tools.win32_11.6.1.202207200623/tools/bin/../lib/gcc/arm-none-eabi/10.3.1/../../../../arm-none-eabi/lib/thumb/v6-m/nofp\libcr_c.a(_fflush.o)
 .comment       0x00000049       0x4a c:/nxp/mcuxpressoide_11.6.1_8255/ide/plugins/com.nxp.mcuxpresso.tools.win32_11.6.1.202207200623/tools/bin/../lib/gcc/arm-none-eabi/10.3.1/../../../../arm-none-eabi/lib/thumb/v6-m/nofp\libcr_c.a(_writebuf.o)
 .comment       0x00000049       0x4a c:/nxp/mcuxpressoide_11.6.1_8255/ide/plugins/com.nxp.mcuxpresso.tools.win32_11.6.1.202207200623/tools/bin/../lib/gcc/arm-none-eabi/10.3.1/../../../../arm-none-eabi/lib/thumb/v6-m/nofp\libcr_c.a(alloc.o)
 .comment       0x00000049       0x4a c:/nxp/mcuxpressoide_11.6.1_8255/ide/plugins/com.nxp.mcuxpresso.tools.win32_11.6.1.202207200623/tools/bin/../lib/gcc/arm-none-eabi/10.3.1/../../../../arm-none-eabi/lib/thumb/v6-m/nofp\libcr_c.a(fpprintf.o)
 .comment       0x00000049       0x4a c:/nxp/mcuxpressoide_11.6.1_8255/ide/plugins/com.nxp.mcuxpresso.tools.win32_11.6.1.202207200623/tools/bin/../lib/gcc/arm-none-eabi/10.3.1/../../../../arm-none-eabi/lib/thumb/v6-m/nofp\libcr_c.a(fputs.o)
 .comment       0x00000049       0x4a c:/nxp/mcuxpressoide_11.6.1_8255/ide/plugins/com.nxp.mcuxpresso.tools.win32_11.6.1.202207200623/tools/bin/../lib/gcc/arm-none-eabi/10.3.1/../../../../arm-none-eabi/lib/thumb/v6-m/nofp\libcr_c.a(fseek.o)
 .comment       0x00000049       0x4a c:/nxp/mcuxpressoide_11.6.1_8255/ide/plugins/com.nxp.mcuxpresso.tools.win32_11.6.1.202207200623/tools/bin/../lib/gcc/arm-none-eabi/10.3.1/../../../../arm-none-eabi/lib/thumb/v6-m/nofp\libcr_c.a(ftell.o)
 .comment       0x00000049       0x4a c:/nxp/mcuxpressoide_11.6.1_8255/ide/plugins/com.nxp.mcuxpresso.tools.win32_11.6.1.202207200623/tools/bin/../lib/gcc/arm-none-eabi/10.3.1/../../../../arm-none-eabi/lib/thumb/v6-m/nofp\libcr_c.a(initio.o)
 .comment       0x00000049       0x4a c:/nxp/mcuxpressoide_11.6.1_8255/ide/plugins/com.nxp.mcuxpresso.tools.win32_11.6.1.202207200623/tools/bin/../lib/gcc/arm-none-eabi/10.3.1/../../../../arm-none-eabi/lib/thumb/v6-m/nofp\libcr_c.a(printf.o)
 .comment       0x00000049       0x4a c:/nxp/mcuxpressoide_11.6.1_8255/ide/plugins/com.nxp.mcuxpresso.tools.win32_11.6.1.202207200623/tools/bin/../lib/gcc/arm-none-eabi/10.3.1/../../../../arm-none-eabi/lib/thumb/v6-m/nofp\libcr_c.a(setvbuf.o)
 .comment       0x00000049       0x4a c:/nxp/mcuxpressoide_11.6.1_8255/ide/plugins/com.nxp.mcuxpresso.tools.win32_11.6.1.202207200623/tools/bin/../lib/gcc/arm-none-eabi/10.3.1/../../../../arm-none-eabi/lib/thumb/v6-m/nofp\libcr_c.a(strlen.o)
 .comment       0x00000049       0x4a c:/nxp/mcuxpressoide_11.6.1_8255/ide/plugins/com.nxp.mcuxpresso.tools.win32_11.6.1.202207200623/tools/bin/../lib/gcc/arm-none-eabi/10.3.1/../../../../arm-none-eabi/lib/thumb/v6-m/nofp\libcr_c.a(memset.o)
 .comment       0x00000049       0x4a c:/nxp/mcuxpressoide_11.6.1_8255/ide/plugins/com.nxp.mcuxpresso.tools.win32_11.6.1.202207200623/tools/bin/../lib/gcc/arm-none-eabi/10.3.1/../../../../arm-none-eabi/lib/thumb/v6-m/nofp\libcr_c.a(__init_alloc.o)
 .comment       0x00000049       0x4a c:/nxp/mcuxpressoide_11.6.1_8255/ide/plugins/com.nxp.mcuxpresso.tools.win32_11.6.1.202207200623/tools/bin/../lib/gcc/arm-none-eabi/10.3.1/../../../../arm-none-eabi/lib/thumb/v6-m/nofp\libcr_c.a(_cr_sbrk.o)
 .comment       0x00000049       0x4a c:/nxp/mcuxpressoide_11.6.1_8255/ide/plugins/com.nxp.mcuxpresso.tools.win32_11.6.1.202207200623/tools/bin/../lib/gcc/arm-none-eabi/10.3.1/../../../../arm-none-eabi/lib/thumb/v6-m/nofp\libcr_c.a(_fdopen.o)
 .comment       0x00000049       0x4a c:/nxp/mcuxpressoide_11.6.1_8255/ide/plugins/com.nxp.mcuxpresso.tools.win32_11.6.1.202207200623/tools/bin/../lib/gcc/arm-none-eabi/10.3.1/../../../../arm-none-eabi/lib/thumb/v6-m/nofp\libcr_c.a(_frexpl.o)
 .comment       0x00000049       0x4a c:/nxp/mcuxpressoide_11.6.1_8255/ide/plugins/com.nxp.mcuxpresso.tools.win32_11.6.1.202207200623/tools/bin/../lib/gcc/arm-none-eabi/10.3.1/../../../../arm-none-eabi/lib/thumb/v6-m/nofp\libcr_c.a(_ldexpl.o)
 .comment       0x00000049       0x4a c:/nxp/mcuxpressoide_11.6.1_8255/ide/plugins/com.nxp.mcuxpresso.tools.win32_11.6.1.202207200623/tools/bin/../lib/gcc/arm-none-eabi/10.3.1/../../../../arm-none-eabi/lib/thumb/v6-m/nofp\libcr_c.a(errno.o)
 .comment       0x00000049       0x4a c:/nxp/mcuxpressoide_11.6.1_8255/ide/plugins/com.nxp.mcuxpresso.tools.win32_11.6.1.202207200623/tools/bin/../lib/gcc/arm-none-eabi/10.3.1/../../../../arm-none-eabi/lib/thumb/v6-m/nofp\libcr_c.a(fclose.o)
 .comment       0x00000049       0x4a c:/nxp/mcuxpressoide_11.6.1_8255/ide/plugins/com.nxp.mcuxpresso.tools.win32_11.6.1.202207200623/tools/bin/../lib/gcc/arm-none-eabi/10.3.1/../../../../arm-none-eabi/lib/thumb/v6-m/nofp\libcr_c.a(fflush.o)
 .comment       0x00000049       0x4a c:/nxp/mcuxpressoide_11.6.1_8255/ide/plugins/com.nxp.mcuxpresso.tools.win32_11.6.1.202207200623/tools/bin/../lib/gcc/arm-none-eabi/10.3.1/../../../../arm-none-eabi/lib/thumb/v6-m/nofp\libcr_c.a(remove.o)
 .comment       0x00000049       0x4a c:/nxp/mcuxpressoide_11.6.1_8255/ide/plugins/com.nxp.mcuxpresso.tools.win32_11.6.1.202207200623/tools/bin/../lib/gcc/arm-none-eabi/10.3.1/../../../../arm-none-eabi/lib/thumb/v6-m/nofp\libcr_c.a(_cr_check_heap.o)
 .comment       0x00000049       0x4a c:/nxp/mcuxpressoide_11.6.1_8255/ide/plugins/com.nxp.mcuxpresso.tools.win32_11.6.1.202207200623/tools/bin/../lib/gcc/arm-none-eabi/10.3.1/../../../../arm-none-eabi/lib/thumb/v6-m/nofp\libcr_c.a(_do_fflush.o)
 .comment       0x00000049       0x4a c:/nxp/mcuxpressoide_11.6.1_8255/ide/plugins/com.nxp.mcuxpresso.tools.win32_11.6.1.202207200623/tools/bin/../lib/gcc/arm-none-eabi/10.3.1/thumb/v6-m/nofp\libcr_eabihelpers.a(double.o)
 .comment       0x00000049       0x4a c:/nxp/mcuxpressoide_11.6.1_8255/ide/plugins/com.nxp.mcuxpresso.tools.win32_11.6.1.202207200623/tools/bin/../lib/gcc/arm-none-eabi/10.3.1/../../../../arm-none-eabi/lib/thumb/v6-m/nofp\libcr_nohost_nf.a(__sys_close.o)
 .comment       0x00000049       0x4a c:/nxp/mcuxpressoide_11.6.1_8255/ide/plugins/com.nxp.mcuxpresso.tools.win32_11.6.1.202207200623/tools/bin/../lib/gcc/arm-none-eabi/10.3.1/../../../../arm-none-eabi/lib/thumb/v6-m/nofp\libcr_nohost_nf.a(__sys_flen.o)
 .comment       0x00000049       0x4a c:/nxp/mcuxpressoide_11.6.1_8255/ide/plugins/com.nxp.mcuxpresso.tools.win32_11.6.1.202207200623/tools/bin/../lib/gcc/arm-none-eabi/10.3.1/../../../../arm-none-eabi/lib/thumb/v6-m/nofp\libcr_nohost_nf.a(__sys_istty.o)
 .comment       0x00000049       0x4a c:/nxp/mcuxpressoide_11.6.1_8255/ide/plugins/com.nxp.mcuxpresso.tools.win32_11.6.1.202207200623/tools/bin/../lib/gcc/arm-none-eabi/10.3.1/../../../../arm-none-eabi/lib/thumb/v6-m/nofp\libcr_nohost_nf.a(__sys_remove.o)
 .comment       0x00000049       0x4a c:/nxp/mcuxpressoide_11.6.1_8255/ide/plugins/com.nxp.mcuxpresso.tools.win32_11.6.1.202207200623/tools/bin/../lib/gcc/arm-none-eabi/10.3.1/../../../../arm-none-eabi/lib/thumb/v6-m/nofp\libcr_nohost_nf.a(__sys_seek.o)
 .comment       0x00000049       0x4a c:/nxp/mcuxpressoide_11.6.1_8255/ide/plugins/com.nxp.mcuxpresso.tools.win32_11.6.1.202207200623/tools/bin/../lib/gcc/arm-none-eabi/10.3.1/../../../../arm-none-eabi/lib/thumb/v6-m/nofp\libcr_nohost_nf.a(__sys_tmpnam.o)
 .comment       0x00000049       0x4a c:/nxp/mcuxpressoide_11.6.1_8255/ide/plugins/com.nxp.mcuxpresso.tools.win32_11.6.1.202207200623/tools/bin/../lib/gcc/arm-none-eabi/10.3.1/../../../../arm-none-eabi/lib/thumb/v6-m/nofp\libcr_nohost_nf.a(__sys_write.o)

.ARM.attributes
                0x00000000       0x2a
 .ARM.attributes
                0x00000000       0x2c ./startup/startup_lpc8n04.o
 .ARM.attributes
                0x0000002c       0x2c ./source/power_mode_switch_lpc.o
 .ARM.attributes
                0x00000058       0x2c ./source/semihost_hardfault.o
 .ARM.attributes
                0x00000084       0x2c ./drivers/fsl_gpio.o
 .ARM.attributes
                0x000000b0       0x2c ./drivers/fsl_power.o
 .ARM.attributes
                0x000000dc       0x2c ./drivers/ndeft2t.o
 .ARM.attributes
                0x00000108       0x2c ./device/system_LPC8N04.o
 .ARM.attributes
                0x00000134       0x2c ./board/clock_config.o
 .ARM.attributes
                0x00000160       0x2c ./board/pin_mux.o
 .ARM.attributes
                0x0000018c       0x2c c:/nxp/mcuxpressoide_11.6.1_8255/ide/plugins/com.nxp.mcuxpresso.tools.win32_11.6.1.202207200623/tools/bin/../lib/gcc/arm-none-eabi/10.3.1/../../../../arm-none-eabi/lib/thumb/v6-m/nofp\libcr_nohost_nf.a(_cr__main.o)
 .ARM.attributes
                0x000001b8       0x2c c:/nxp/mcuxpressoide_11.6.1_8255/ide/plugins/com.nxp.mcuxpresso.tools.win32_11.6.1.202207200623/tools/bin/../lib/gcc/arm-none-eabi/10.3.1/../../../../arm-none-eabi/lib/thumb/v6-m/nofp\libcr_nohost_nf.a(_cr_assert.o)
 .ARM.attributes
                0x000001e4       0x2c c:/nxp/mcuxpressoide_11.6.1_8255/ide/plugins/com.nxp.mcuxpresso.tools.win32_11.6.1.202207200623/tools/bin/../lib/gcc/arm-none-eabi/10.3.1/../../../../arm-none-eabi/lib/thumb/v6-m/nofp\libcr_nohost_nf.a(__ciob.o)
 .ARM.attributes
                0x00000210       0x2c c:/nxp/mcuxpressoide_11.6.1_8255/ide/plugins/com.nxp.mcuxpresso.tools.win32_11.6.1.202207200623/tools/bin/../lib/gcc/arm-none-eabi/10.3.1/../../../../arm-none-eabi/lib/thumb/v6-m/nofp\libcr_nohost_nf.a(__sys_appexit.o)
 .ARM.attributes
                0x0000023c       0x2c c:/nxp/mcuxpressoide_11.6.1_8255/ide/plugins/com.nxp.mcuxpresso.tools.win32_11.6.1.202207200623/tools/bin/../lib/gcc/arm-none-eabi/10.3.1/../../../../arm-none-eabi/lib/thumb/v6-m/nofp\libcr_c.a(memcpy.o)
 .ARM.attributes
                0x00000268       0x2c c:/nxp/mcuxpressoide_11.6.1_8255/ide/plugins/com.nxp.mcuxpresso.tools.win32_11.6.1.202207200623/tools/bin/../lib/gcc/arm-none-eabi/10.3.1/../../../../arm-none-eabi/lib/thumb/v6-m/nofp\libcr_c.a(memmove.o)
 .ARM.attributes
                0x00000294       0x2c c:/nxp/mcuxpressoide_11.6.1_8255/ide/plugins/com.nxp.mcuxpresso.tools.win32_11.6.1.202207200623/tools/bin/../lib/gcc/arm-none-eabi/10.3.1/../../../../arm-none-eabi/lib/thumb/v6-m/nofp\libcr_c.a(_deferredlazyseek.o)
 .ARM.attributes
                0x000002c0       0x2c c:/nxp/mcuxpressoide_11.6.1_8255/ide/plugins/com.nxp.mcuxpresso.tools.win32_11.6.1.202207200623/tools/bin/../lib/gcc/arm-none-eabi/10.3.1/../../../../arm-none-eabi/lib/thumb/v6-m/nofp\libcr_c.a(_fflush.o)
 .ARM.attributes
                0x000002ec       0x2c c:/nxp/mcuxpressoide_11.6.1_8255/ide/plugins/com.nxp.mcuxpresso.tools.win32_11.6.1.202207200623/tools/bin/../lib/gcc/arm-none-eabi/10.3.1/../../../../arm-none-eabi/lib/thumb/v6-m/nofp\libcr_c.a(_writebuf.o)
 .ARM.attributes
                0x00000318       0x2c c:/nxp/mcuxpressoide_11.6.1_8255/ide/plugins/com.nxp.mcuxpresso.tools.win32_11.6.1.202207200623/tools/bin/../lib/gcc/arm-none-eabi/10.3.1/../../../../arm-none-eabi/lib/thumb/v6-m/nofp\libcr_c.a(alloc.o)
 .ARM.attributes
                0x00000344       0x2c c:/nxp/mcuxpressoide_11.6.1_8255/ide/plugins/com.nxp.mcuxpresso.tools.win32_11.6.1.202207200623/tools/bin/../lib/gcc/arm-none-eabi/10.3.1/../../../../arm-none-eabi/lib/thumb/v6-m/nofp\libcr_c.a(fpprintf.o)
 .ARM.attributes
                0x00000370       0x2c c:/nxp/mcuxpressoide_11.6.1_8255/ide/plugins/com.nxp.mcuxpresso.tools.win32_11.6.1.202207200623/tools/bin/../lib/gcc/arm-none-eabi/10.3.1/../../../../arm-none-eabi/lib/thumb/v6-m/nofp\libcr_c.a(fputs.o)
 .ARM.attributes
                0x0000039c       0x2c c:/nxp/mcuxpressoide_11.6.1_8255/ide/plugins/com.nxp.mcuxpresso.tools.win32_11.6.1.202207200623/tools/bin/../lib/gcc/arm-none-eabi/10.3.1/../../../../arm-none-eabi/lib/thumb/v6-m/nofp\libcr_c.a(fseek.o)
 .ARM.attributes
                0x000003c8       0x2c c:/nxp/mcuxpressoide_11.6.1_8255/ide/plugins/com.nxp.mcuxpresso.tools.win32_11.6.1.202207200623/tools/bin/../lib/gcc/arm-none-eabi/10.3.1/../../../../arm-none-eabi/lib/thumb/v6-m/nofp\libcr_c.a(ftell.o)
 .ARM.attributes
                0x000003f4       0x2c c:/nxp/mcuxpressoide_11.6.1_8255/ide/plugins/com.nxp.mcuxpresso.tools.win32_11.6.1.202207200623/tools/bin/../lib/gcc/arm-none-eabi/10.3.1/../../../../arm-none-eabi/lib/thumb/v6-m/nofp\libcr_c.a(initio.o)
 .ARM.attributes
                0x00000420       0x2c c:/nxp/mcuxpressoide_11.6.1_8255/ide/plugins/com.nxp.mcuxpresso.tools.win32_11.6.1.202207200623/tools/bin/../lib/gcc/arm-none-eabi/10.3.1/../../../../arm-none-eabi/lib/thumb/v6-m/nofp\libcr_c.a(printf.o)
 .ARM.attributes
                0x0000044c       0x2c c:/nxp/mcuxpressoide_11.6.1_8255/ide/plugins/com.nxp.mcuxpresso.tools.win32_11.6.1.202207200623/tools/bin/../lib/gcc/arm-none-eabi/10.3.1/../../../../arm-none-eabi/lib/thumb/v6-m/nofp\libcr_c.a(setvbuf.o)
 .ARM.attributes
                0x00000478       0x2c c:/nxp/mcuxpressoide_11.6.1_8255/ide/plugins/com.nxp.mcuxpresso.tools.win32_11.6.1.202207200623/tools/bin/../lib/gcc/arm-none-eabi/10.3.1/../../../../arm-none-eabi/lib/thumb/v6-m/nofp\libcr_c.a(strlen.o)
 .ARM.attributes
                0x000004a4       0x2c c:/nxp/mcuxpressoide_11.6.1_8255/ide/plugins/com.nxp.mcuxpresso.tools.win32_11.6.1.202207200623/tools/bin/../lib/gcc/arm-none-eabi/10.3.1/../../../../arm-none-eabi/lib/thumb/v6-m/nofp\libcr_c.a(memset.o)
 .ARM.attributes
                0x000004d0       0x2c c:/nxp/mcuxpressoide_11.6.1_8255/ide/plugins/com.nxp.mcuxpresso.tools.win32_11.6.1.202207200623/tools/bin/../lib/gcc/arm-none-eabi/10.3.1/../../../../arm-none-eabi/lib/thumb/v6-m/nofp\libcr_c.a(__init_alloc.o)
 .ARM.attributes
                0x000004fc       0x2c c:/nxp/mcuxpressoide_11.6.1_8255/ide/plugins/com.nxp.mcuxpresso.tools.win32_11.6.1.202207200623/tools/bin/../lib/gcc/arm-none-eabi/10.3.1/../../../../arm-none-eabi/lib/thumb/v6-m/nofp\libcr_c.a(_cr_sbrk.o)
 .ARM.attributes
                0x00000528       0x2c c:/nxp/mcuxpressoide_11.6.1_8255/ide/plugins/com.nxp.mcuxpresso.tools.win32_11.6.1.202207200623/tools/bin/../lib/gcc/arm-none-eabi/10.3.1/../../../../arm-none-eabi/lib/thumb/v6-m/nofp\libcr_c.a(_fdopen.o)
 .ARM.attributes
                0x00000554       0x2c c:/nxp/mcuxpressoide_11.6.1_8255/ide/plugins/com.nxp.mcuxpresso.tools.win32_11.6.1.202207200623/tools/bin/../lib/gcc/arm-none-eabi/10.3.1/../../../../arm-none-eabi/lib/thumb/v6-m/nofp\libcr_c.a(_frexpl.o)
 .ARM.attributes
                0x00000580       0x2c c:/nxp/mcuxpressoide_11.6.1_8255/ide/plugins/com.nxp.mcuxpresso.tools.win32_11.6.1.202207200623/tools/bin/../lib/gcc/arm-none-eabi/10.3.1/../../../../arm-none-eabi/lib/thumb/v6-m/nofp\libcr_c.a(_ldexpl.o)
 .ARM.attributes
                0x000005ac       0x2c c:/nxp/mcuxpressoide_11.6.1_8255/ide/plugins/com.nxp.mcuxpresso.tools.win32_11.6.1.202207200623/tools/bin/../lib/gcc/arm-none-eabi/10.3.1/../../../../arm-none-eabi/lib/thumb/v6-m/nofp\libcr_c.a(errno.o)
 .ARM.attributes
                0x000005d8       0x2c c:/nxp/mcuxpressoide_11.6.1_8255/ide/plugins/com.nxp.mcuxpresso.tools.win32_11.6.1.202207200623/tools/bin/../lib/gcc/arm-none-eabi/10.3.1/../../../../arm-none-eabi/lib/thumb/v6-m/nofp\libcr_c.a(fclose.o)
 .ARM.attributes
                0x00000604       0x2c c:/nxp/mcuxpressoide_11.6.1_8255/ide/plugins/com.nxp.mcuxpresso.tools.win32_11.6.1.202207200623/tools/bin/../lib/gcc/arm-none-eabi/10.3.1/../../../../arm-none-eabi/lib/thumb/v6-m/nofp\libcr_c.a(fflush.o)
 .ARM.attributes
                0x00000630       0x2c c:/nxp/mcuxpressoide_11.6.1_8255/ide/plugins/com.nxp.mcuxpresso.tools.win32_11.6.1.202207200623/tools/bin/../lib/gcc/arm-none-eabi/10.3.1/../../../../arm-none-eabi/lib/thumb/v6-m/nofp\libcr_c.a(remove.o)
 .ARM.attributes
                0x0000065c       0x2c c:/nxp/mcuxpressoide_11.6.1_8255/ide/plugins/com.nxp.mcuxpresso.tools.win32_11.6.1.202207200623/tools/bin/../lib/gcc/arm-none-eabi/10.3.1/../../../../arm-none-eabi/lib/thumb/v6-m/nofp\libcr_c.a(_cr_check_heap.o)
 .ARM.attributes
                0x00000688       0x2c c:/nxp/mcuxpressoide_11.6.1_8255/ide/plugins/com.nxp.mcuxpresso.tools.win32_11.6.1.202207200623/tools/bin/../lib/gcc/arm-none-eabi/10.3.1/../../../../arm-none-eabi/lib/thumb/v6-m/nofp\libcr_c.a(_do_fflush.o)
 .ARM.attributes
                0x000006b4       0x1c c:/nxp/mcuxpressoide_11.6.1_8255/ide/plugins/com.nxp.mcuxpresso.tools.win32_11.6.1.202207200623/tools/bin/../lib/gcc/arm-none-eabi/10.3.1/thumb/v6-m/nofp\libcr_eabihelpers.a(division_32.o)
 .ARM.attributes
                0x000006d0       0x1c c:/nxp/mcuxpressoide_11.6.1_8255/ide/plugins/com.nxp.mcuxpresso.tools.win32_11.6.1.202207200623/tools/bin/../lib/gcc/arm-none-eabi/10.3.1/thumb/v6-m/nofp\libcr_eabihelpers.a(division_idiv0.o)
 .ARM.attributes
                0x000006ec       0x2c c:/nxp/mcuxpressoide_11.6.1_8255/ide/plugins/com.nxp.mcuxpresso.tools.win32_11.6.1.202207200623/tools/bin/../lib/gcc/arm-none-eabi/10.3.1/thumb/v6-m/nofp\libcr_eabihelpers.a(double.o)
 .ARM.attributes
                0x00000718       0x1c c:/nxp/mcuxpressoide_11.6.1_8255/ide/plugins/com.nxp.mcuxpresso.tools.win32_11.6.1.202207200623/tools/bin/../lib/gcc/arm-none-eabi/10.3.1/thumb/v6-m/nofp\libcr_eabihelpers.a(llong.o)
 .ARM.attributes
                0x00000734       0x1c c:/nxp/mcuxpressoide_11.6.1_8255/ide/plugins/com.nxp.mcuxpresso.tools.win32_11.6.1.202207200623/tools/bin/../lib/gcc/arm-none-eabi/10.3.1/thumb/v6-m/nofp\libcr_eabihelpers.a(memcpy.o)
 .ARM.attributes
                0x00000750       0x1c c:/nxp/mcuxpressoide_11.6.1_8255/ide/plugins/com.nxp.mcuxpresso.tools.win32_11.6.1.202207200623/tools/bin/../lib/gcc/arm-none-eabi/10.3.1/thumb/v6-m/nofp\libcr_eabihelpers.a(thumb1_switch_helpers.o)
 .ARM.attributes
                0x0000076c       0x2c c:/nxp/mcuxpressoide_11.6.1_8255/ide/plugins/com.nxp.mcuxpresso.tools.win32_11.6.1.202207200623/tools/bin/../lib/gcc/arm-none-eabi/10.3.1/../../../../arm-none-eabi/lib/thumb/v6-m/nofp\libcr_nohost_nf.a(__sys_close.o)
 .ARM.attributes
                0x00000798       0x2c c:/nxp/mcuxpressoide_11.6.1_8255/ide/plugins/com.nxp.mcuxpresso.tools.win32_11.6.1.202207200623/tools/bin/../lib/gcc/arm-none-eabi/10.3.1/../../../../arm-none-eabi/lib/thumb/v6-m/nofp\libcr_nohost_nf.a(__sys_flen.o)
 .ARM.attributes
                0x000007c4       0x2c c:/nxp/mcuxpressoide_11.6.1_8255/ide/plugins/com.nxp.mcuxpresso.tools.win32_11.6.1.202207200623/tools/bin/../lib/gcc/arm-none-eabi/10.3.1/../../../../arm-none-eabi/lib/thumb/v6-m/nofp\libcr_nohost_nf.a(__sys_istty.o)
 .ARM.attributes
                0x000007f0       0x2c c:/nxp/mcuxpressoide_11.6.1_8255/ide/plugins/com.nxp.mcuxpresso.tools.win32_11.6.1.202207200623/tools/bin/../lib/gcc/arm-none-eabi/10.3.1/../../../../arm-none-eabi/lib/thumb/v6-m/nofp\libcr_nohost_nf.a(__sys_remove.o)
 .ARM.attributes
                0x0000081c       0x2c c:/nxp/mcuxpressoide_11.6.1_8255/ide/plugins/com.nxp.mcuxpresso.tools.win32_11.6.1.202207200623/tools/bin/../lib/gcc/arm-none-eabi/10.3.1/../../../../arm-none-eabi/lib/thumb/v6-m/nofp\libcr_nohost_nf.a(__sys_seek.o)
 .ARM.attributes
                0x00000848       0x2c c:/nxp/mcuxpressoide_11.6.1_8255/ide/plugins/com.nxp.mcuxpresso.tools.win32_11.6.1.202207200623/tools/bin/../lib/gcc/arm-none-eabi/10.3.1/../../../../arm-none-eabi/lib/thumb/v6-m/nofp\libcr_nohost_nf.a(__sys_tmpnam.o)
 .ARM.attributes
                0x00000874       0x2c c:/nxp/mcuxpressoide_11.6.1_8255/ide/plugins/com.nxp.mcuxpresso.tools.win32_11.6.1.202207200623/tools/bin/../lib/gcc/arm-none-eabi/10.3.1/../../../../arm-none-eabi/lib/thumb/v6-m/nofp\libcr_nohost_nf.a(__sys_write.o)

.debug_frame    0x00000000      0xe5c
 .debug_frame   0x00000000      0x3b0 ./startup/startup_lpc8n04.o
 .debug_frame   0x000003b0      0x1c0 ./source/power_mode_switch_lpc.o
 .debug_frame   0x00000570       0x20 ./source/semihost_hardfault.o
 .debug_frame   0x00000590       0xb0 ./drivers/fsl_gpio.o
 .debug_frame   0x00000640      0x1ec ./drivers/fsl_power.o
 .debug_frame   0x0000082c      0x374 ./drivers/ndeft2t.o
 .debug_frame   0x00000ba0       0x68 ./device/system_LPC8N04.o
 .debug_frame   0x00000c08      0x1a8 ./board/clock_config.o
 .debug_frame   0x00000db0       0xac ./board/pin_mux.o

Cross Reference Table

Symbol                                            File
ADCDAC_DriverIRQHandler                           ./startup/startup_lpc8n04.o
ADCDAC_IRQHandler                                 ./startup/startup_lpc8n04.o
BOARD_BootClockSFRO125kHz                         ./board/clock_config.o
BOARD_BootClockSFRO1MHz                           ./board/clock_config.o
BOARD_BootClockSFRO250kHz                         ./board/clock_config.o
BOARD_BootClockSFRO2MHz                           ./board/clock_config.o
BOARD_BootClockSFRO4MHz                           ./board/clock_config.o
BOARD_BootClockSFRO500kHz                         ./board/clock_config.o
BOARD_BootClockSFRO62500Hz                        ./board/clock_config.o
BOARD_BootClockSFRO8MHz                           ./board/clock_config.o
BOARD_EnableDeepSleepIRQ                          ./source/power_mode_switch_lpc.o
BOARD_IOCON_SetPin                                ./source/power_mode_switch_lpc.o
BOARD_InitBootClocks                              ./board/clock_config.o
                                                  ./source/power_mode_switch_lpc.o
BOARD_InitBootPins                                ./board/pin_mux.o
BOARD_InitLedMatrix                               ./board/board.o
BOARD_InitPins                                    ./board/pin_mux.o
                                                  ./source/power_mode_switch_lpc.o
BOARD_LedMatrixDelay                              ./board/board.o
BOARD_LedMatrixShowNumber                         ./board/board.o
C2D_DriverIRQHandler                              ./startup/startup_lpc8n04.o
C2D_IRQHandler                                    ./startup/startup_lpc8n04.o
CLOCK_GetClockOutClkFreq                          ./drivers/fsl_clock.o
CLOCK_GetFreq                                     ./drivers/fsl_clock.o
CLOCK_WdtClkSelect                                ./drivers/fsl_clock.o
CRP_WORD                                          ./startup/startup_lpc8n04.o
CTIMER0_DriverIRQHandler                          ./startup/startup_lpc8n04.o
CTIMER0_IRQHandler                                ./startup/startup_lpc8n04.o
CTIMER1_DriverIRQHandler                          ./startup/startup_lpc8n04.o
CTIMER1_IRQHandler                                ./startup/startup_lpc8n04.o
DEMO_PreEnterLowPower                             ./source/power_mode_switch_lpc.o
DisableDeepSleepIRQ                               ./drivers/fsl_power.o
EEPROM_DriverIRQHandler                           ./startup/startup_lpc8n04.o
EEPROM_IRQHandler                                 ./startup/startup_lpc8n04.o
EnableDeepSleepIRQ                                ./drivers/fsl_power.o
FLASH_DriverIRQHandler                            ./startup/startup_lpc8n04.o
FLASH_IRQHandler                                  ./startup/startup_lpc8n04.o
GPIO_PinInit                                      ./drivers/fsl_gpio.o
                                                  ./board/pin_mux.o
GPIO_PinSetInterruptConfig                        ./drivers/fsl_gpio.o
                                                  ./board/pin_mux.o
GPIO_PortInit                                     ./drivers/fsl_gpio.o
HardFault_Handler                                 ./source/semihost_hardfault.o
                                                  ./startup/startup_lpc8n04.o
I2C0_DriverIRQHandler                             ./startup/startup_lpc8n04.o
I2C0_IRQHandler                                   ./startup/startup_lpc8n04.o
I2D_DriverIRQHandler                              ./startup/startup_lpc8n04.o
I2D_IRQHandler                                    ./startup/startup_lpc8n04.o
IntDefaultHandler                                 ./startup/startup_lpc8n04.o
NDEFT2T_CommitMessage                             ./drivers/ndeft2t.o
                                                  ./source/power_mode_switch_lpc.o
NDEFT2T_CommitRecord                              ./drivers/ndeft2t.o
                                                  ./source/power_mode_switch_lpc.o
NDEFT2T_CreateExtRecord                           ./drivers/ndeft2t.o
NDEFT2T_CreateMessage                             ./drivers/ndeft2t.o
                                                  ./source/power_mode_switch_lpc.o
NDEFT2T_CreateMimeRecord                          ./drivers/ndeft2t.o
NDEFT2T_CreateTextRecord                          ./drivers/ndeft2t.o
                                                  ./source/power_mode_switch_lpc.o
NDEFT2T_CreateUriRecord                           ./drivers/ndeft2t.o
NDEFT2T_DeInit                                    ./drivers/ndeft2t.o
NDEFT2T_GetMessage                                ./drivers/ndeft2t.o
NDEFT2T_GetNextRecord                             ./drivers/ndeft2t.o
NDEFT2T_GetRecordPayload                          ./drivers/ndeft2t.o
NDEFT2T_IRQHandler                                ./drivers/ndeft2t.o
                                                  ./source/power_mode_switch_lpc.o
NDEFT2T_Init                                      ./drivers/ndeft2t.o
                                                  ./source/power_mode_switch_lpc.o
NDEFT2T_WriteRecordPayload                        ./drivers/ndeft2t.o
                                                  ./source/power_mode_switch_lpc.o
NFC_DeInit                                        ./drivers/fsl_nfc.o
NFC_DriverIRQHandler                              ./startup/startup_lpc8n04.o
NFC_GetLastAccessInfo                             ./drivers/fsl_nfc.o
NFC_IRQHandler                                    ./source/power_mode_switch_lpc.o
                                                  ./startup/startup_lpc8n04.o
NFC_Init                                          ./drivers/fsl_nfc.o
NFC_ReadPage                                      ./drivers/fsl_nfc.o
NFC_WritePage                                     ./drivers/fsl_nfc.o
NMI_Handler                                       ./startup/startup_lpc8n04.o
PIO0_0_DriverIRQHandler                           ./startup/startup_lpc8n04.o
PIO0_0_IRQHandler                                 ./startup/startup_lpc8n04.o
PIO0_10_DriverIRQHandler                          ./startup/startup_lpc8n04.o
PIO0_10_IRQHandler                                ./startup/startup_lpc8n04.o
PIO0_1_DriverIRQHandler                           ./startup/startup_lpc8n04.o
PIO0_1_IRQHandler                                 ./startup/startup_lpc8n04.o
PIO0_2_DriverIRQHandler                           ./startup/startup_lpc8n04.o
PIO0_2_IRQHandler                                 ./startup/startup_lpc8n04.o
PIO0_3_DriverIRQHandler                           ./startup/startup_lpc8n04.o
PIO0_3_IRQHandler                                 ./startup/startup_lpc8n04.o
PIO0_4_DriverIRQHandler                           ./startup/startup_lpc8n04.o
PIO0_4_IRQHandler                                 ./startup/startup_lpc8n04.o
PIO0_5_DriverIRQHandler                           ./startup/startup_lpc8n04.o
PIO0_5_IRQHandler                                 ./startup/startup_lpc8n04.o
PIO0_6_DriverIRQHandler                           ./startup/startup_lpc8n04.o
PIO0_6_IRQHandler                                 ./startup/startup_lpc8n04.o
PIO0_7_DriverIRQHandler                           ./startup/startup_lpc8n04.o
PIO0_7_IRQHandler                                 ./startup/startup_lpc8n04.o
PIO0_8_DriverIRQHandler                           ./startup/startup_lpc8n04.o
PIO0_8_IRQHandler                                 ./startup/startup_lpc8n04.o
PIO0_9_DriverIRQHandler                           ./startup/startup_lpc8n04.o
PIO0_9_IRQHandler                                 ./startup/startup_lpc8n04.o
PIO0_DriverIRQHandler                             ./startup/startup_lpc8n04.o
PIO0_IRQHandler                                   ./source/power_mode_switch_lpc.o
                                                  ./startup/startup_lpc8n04.o
PMUBOD_DriverIRQHandler                           ./startup/startup_lpc8n04.o
PMUBOD_IRQHandler                                 ./startup/startup_lpc8n04.o
PMUFLD_DriverIRQHandler                           ./startup/startup_lpc8n04.o
PMUFLD_IRQHandler                                 ./startup/startup_lpc8n04.o
POWER_ClrPmuRegBit                                ./drivers/fsl_power.o
POWER_EnterDeepPowerDownMode                      ./drivers/fsl_power.o
POWER_EnterDeepSleep                              ./drivers/fsl_power.o
                                                  ./source/power_mode_switch_lpc.o
POWER_EnterSleep                                  ./drivers/fsl_power.o
POWER_ReadPmuReg                                  ./drivers/fsl_power.o
POWER_SelectPowerSource                           ./drivers/fsl_power.o
POWER_SetPmuRegBit                                ./drivers/fsl_power.o
POWER_WritePmuReg                                 ./drivers/fsl_power.o
PendSV_Handler                                    ./startup/startup_lpc8n04.o
RESET_ClearPeripheralReset                        ./drivers/fsl_reset.o
RESET_PeripheralReset                             ./drivers/fsl_reset.o
RESET_SetPeripheralReset                          ./drivers/fsl_reset.o
RFFIELD_DriverIRQHandler                          ./startup/startup_lpc8n04.o
RFFIELD_IRQHandler                                ./startup/startup_lpc8n04.o
RTCPWREQ_DriverIRQHandler                         ./startup/startup_lpc8n04.o
RTCPWREQ_IRQHandler                               ./startup/startup_lpc8n04.o
RTC_DriverIRQHandler                              ./startup/startup_lpc8n04.o
RTC_IRQHandler                                    ./startup/startup_lpc8n04.o
Reserved39_DriverIRQHandler                       ./startup/startup_lpc8n04.o
Reserved39_IRQHandler                             ./startup/startup_lpc8n04.o
Reserved45_DriverIRQHandler                       ./startup/startup_lpc8n04.o
Reserved45_IRQHandler                             ./startup/startup_lpc8n04.o
Reserved46_DriverIRQHandler                       ./startup/startup_lpc8n04.o
Reserved46_IRQHandler                             ./startup/startup_lpc8n04.o
ResetISR                                          ./startup/startup_lpc8n04.o
SDK_DelayAtLeastUs                                ./drivers/fsl_common.o
SDK_Free                                          ./drivers/fsl_common.o
SDK_Malloc                                        ./drivers/fsl_common.o
SSP0_DriverIRQHandler                             ./startup/startup_lpc8n04.o
SSP0_IRQHandler                                   ./startup/startup_lpc8n04.o
SVC_Handler                                       ./startup/startup_lpc8n04.o
SysTick_Handler                                   ./startup/startup_lpc8n04.o
SystemCoreClock                                   ./device/system_LPC8N04.o
                                                  ./board/clock_config.o
                                                  ./board/board.o
SystemCoreClockUpdate                             ./device/system_LPC8N04.o
                                                  ./source/power_mode_switch_lpc.o
SystemInit                                        ./device/system_LPC8N04.o
                                                  ./startup/startup_lpc8n04.o
SystemInitHook                                    ./device/system_LPC8N04.o
TSEN_DriverIRQHandler                             ./startup/startup_lpc8n04.o
TSEN_IRQHandler                                   ./startup/startup_lpc8n04.o
WDT_DriverIRQHandler                              ./startup/startup_lpc8n04.o
WDT_IRQHandler                                    ./startup/startup_lpc8n04.o
_Csys_alloc                                       c:/nxp/mcuxpressoide_11.6.1_8255/ide/plugins/com.nxp.mcuxpresso.tools.win32_11.6.1.202207200623/tools/bin/../lib/gcc/arm-none-eabi/10.3.1/../../../../arm-none-eabi/lib/thumb/v6-m/nofp\libcr_c.a(alloc.o)
                                                  c:/nxp/mcuxpressoide_11.6.1_8255/ide/plugins/com.nxp.mcuxpresso.tools.win32_11.6.1.202207200623/tools/bin/../lib/gcc/arm-none-eabi/10.3.1/../../../../arm-none-eabi/lib/thumb/v6-m/nofp\libcr_c.a(_deferredlazyseek.o)
_Cwritebuf                                        c:/nxp/mcuxpressoide_11.6.1_8255/ide/plugins/com.nxp.mcuxpresso.tools.win32_11.6.1.202207200623/tools/bin/../lib/gcc/arm-none-eabi/10.3.1/../../../../arm-none-eabi/lib/thumb/v6-m/nofp\libcr_c.a(_writebuf.o)
                                                  c:/nxp/mcuxpressoide_11.6.1_8255/ide/plugins/com.nxp.mcuxpresso.tools.win32_11.6.1.202207200623/tools/bin/../lib/gcc/arm-none-eabi/10.3.1/../../../../arm-none-eabi/lib/thumb/v6-m/nofp\libcr_c.a(_fflush.o)
                                                  c:/nxp/mcuxpressoide_11.6.1_8255/ide/plugins/com.nxp.mcuxpresso.tools.win32_11.6.1.202207200623/tools/bin/../lib/gcc/arm-none-eabi/10.3.1/../../../../arm-none-eabi/lib/thumb/v6-m/nofp\libcr_c.a(_deferredlazyseek.o)
__Ciob                                            c:/nxp/mcuxpressoide_11.6.1_8255/ide/plugins/com.nxp.mcuxpresso.tools.win32_11.6.1.202207200623/tools/bin/../lib/gcc/arm-none-eabi/10.3.1/../../../../arm-none-eabi/lib/thumb/v6-m/nofp\libcr_nohost_nf.a(__ciob.o)
                                                  c:/nxp/mcuxpressoide_11.6.1_8255/ide/plugins/com.nxp.mcuxpresso.tools.win32_11.6.1.202207200623/tools/bin/../lib/gcc/arm-none-eabi/10.3.1/../../../../arm-none-eabi/lib/thumb/v6-m/nofp\libcr_c.a(fflush.o)
                                                  c:/nxp/mcuxpressoide_11.6.1_8255/ide/plugins/com.nxp.mcuxpresso.tools.win32_11.6.1.202207200623/tools/bin/../lib/gcc/arm-none-eabi/10.3.1/../../../../arm-none-eabi/lib/thumb/v6-m/nofp\libcr_c.a(printf.o)
                                                  c:/nxp/mcuxpressoide_11.6.1_8255/ide/plugins/com.nxp.mcuxpresso.tools.win32_11.6.1.202207200623/tools/bin/../lib/gcc/arm-none-eabi/10.3.1/../../../../arm-none-eabi/lib/thumb/v6-m/nofp\libcr_c.a(initio.o)
                                                  c:/nxp/mcuxpressoide_11.6.1_8255/ide/plugins/com.nxp.mcuxpresso.tools.win32_11.6.1.202207200623/tools/bin/../lib/gcc/arm-none-eabi/10.3.1/../../../../arm-none-eabi/lib/thumb/v6-m/nofp\libcr_c.a(fpprintf.o)
                                                  c:/nxp/mcuxpressoide_11.6.1_8255/ide/plugins/com.nxp.mcuxpresso.tools.win32_11.6.1.202207200623/tools/bin/../lib/gcc/arm-none-eabi/10.3.1/../../../../arm-none-eabi/lib/thumb/v6-m/nofp\libcr_nohost_nf.a(_cr_assert.o)
__Vectors                                         ./startup/startup_lpc8n04.o
__aeabi_cdcmpeq                                   c:/nxp/mcuxpressoide_11.6.1_8255/ide/plugins/com.nxp.mcuxpresso.tools.win32_11.6.1.202207200623/tools/bin/../lib/gcc/arm-none-eabi/10.3.1/thumb/v6-m/nofp\libcr_eabihelpers.a(double.o)
__aeabi_cdcmple                                   c:/nxp/mcuxpressoide_11.6.1_8255/ide/plugins/com.nxp.mcuxpresso.tools.win32_11.6.1.202207200623/tools/bin/../lib/gcc/arm-none-eabi/10.3.1/thumb/v6-m/nofp\libcr_eabihelpers.a(double.o)
__aeabi_cdrcmple                                  c:/nxp/mcuxpressoide_11.6.1_8255/ide/plugins/com.nxp.mcuxpresso.tools.win32_11.6.1.202207200623/tools/bin/../lib/gcc/arm-none-eabi/10.3.1/thumb/v6-m/nofp\libcr_eabihelpers.a(double.o)
__aeabi_d2f                                       c:/nxp/mcuxpressoide_11.6.1_8255/ide/plugins/com.nxp.mcuxpresso.tools.win32_11.6.1.202207200623/tools/bin/../lib/gcc/arm-none-eabi/10.3.1/thumb/v6-m/nofp\libcr_eabihelpers.a(double.o)
__aeabi_d2iz                                      c:/nxp/mcuxpressoide_11.6.1_8255/ide/plugins/com.nxp.mcuxpresso.tools.win32_11.6.1.202207200623/tools/bin/../lib/gcc/arm-none-eabi/10.3.1/thumb/v6-m/nofp\libcr_eabihelpers.a(double.o)
                                                  c:/nxp/mcuxpressoide_11.6.1_8255/ide/plugins/com.nxp.mcuxpresso.tools.win32_11.6.1.202207200623/tools/bin/../lib/gcc/arm-none-eabi/10.3.1/../../../../arm-none-eabi/lib/thumb/v6-m/nofp\libcr_c.a(fpprintf.o)
__aeabi_d2lz                                      c:/nxp/mcuxpressoide_11.6.1_8255/ide/plugins/com.nxp.mcuxpresso.tools.win32_11.6.1.202207200623/tools/bin/../lib/gcc/arm-none-eabi/10.3.1/thumb/v6-m/nofp\libcr_eabihelpers.a(double.o)
__aeabi_d2uiz                                     c:/nxp/mcuxpressoide_11.6.1_8255/ide/plugins/com.nxp.mcuxpresso.tools.win32_11.6.1.202207200623/tools/bin/../lib/gcc/arm-none-eabi/10.3.1/thumb/v6-m/nofp\libcr_eabihelpers.a(double.o)
__aeabi_d2ulz                                     c:/nxp/mcuxpressoide_11.6.1_8255/ide/plugins/com.nxp.mcuxpresso.tools.win32_11.6.1.202207200623/tools/bin/../lib/gcc/arm-none-eabi/10.3.1/thumb/v6-m/nofp\libcr_eabihelpers.a(double.o)
__aeabi_dadd                                      c:/nxp/mcuxpressoide_11.6.1_8255/ide/plugins/com.nxp.mcuxpresso.tools.win32_11.6.1.202207200623/tools/bin/../lib/gcc/arm-none-eabi/10.3.1/thumb/v6-m/nofp\libcr_eabihelpers.a(double.o)
                                                  c:/nxp/mcuxpressoide_11.6.1_8255/ide/plugins/com.nxp.mcuxpresso.tools.win32_11.6.1.202207200623/tools/bin/../lib/gcc/arm-none-eabi/10.3.1/../../../../arm-none-eabi/lib/thumb/v6-m/nofp\libcr_c.a(fpprintf.o)
__aeabi_dcmpeq                                    c:/nxp/mcuxpressoide_11.6.1_8255/ide/plugins/com.nxp.mcuxpresso.tools.win32_11.6.1.202207200623/tools/bin/../lib/gcc/arm-none-eabi/10.3.1/thumb/v6-m/nofp\libcr_eabihelpers.a(double.o)
                                                  c:/nxp/mcuxpressoide_11.6.1_8255/ide/plugins/com.nxp.mcuxpresso.tools.win32_11.6.1.202207200623/tools/bin/../lib/gcc/arm-none-eabi/10.3.1/../../../../arm-none-eabi/lib/thumb/v6-m/nofp\libcr_c.a(_ldexpl.o)
                                                  c:/nxp/mcuxpressoide_11.6.1_8255/ide/plugins/com.nxp.mcuxpresso.tools.win32_11.6.1.202207200623/tools/bin/../lib/gcc/arm-none-eabi/10.3.1/../../../../arm-none-eabi/lib/thumb/v6-m/nofp\libcr_c.a(_frexpl.o)
                                                  c:/nxp/mcuxpressoide_11.6.1_8255/ide/plugins/com.nxp.mcuxpresso.tools.win32_11.6.1.202207200623/tools/bin/../lib/gcc/arm-none-eabi/10.3.1/../../../../arm-none-eabi/lib/thumb/v6-m/nofp\libcr_c.a(fpprintf.o)
__aeabi_dcmpge                                    c:/nxp/mcuxpressoide_11.6.1_8255/ide/plugins/com.nxp.mcuxpresso.tools.win32_11.6.1.202207200623/tools/bin/../lib/gcc/arm-none-eabi/10.3.1/thumb/v6-m/nofp\libcr_eabihelpers.a(double.o)
                                                  c:/nxp/mcuxpressoide_11.6.1_8255/ide/plugins/com.nxp.mcuxpresso.tools.win32_11.6.1.202207200623/tools/bin/../lib/gcc/arm-none-eabi/10.3.1/../../../../arm-none-eabi/lib/thumb/v6-m/nofp\libcr_c.a(fpprintf.o)
__aeabi_dcmpgt                                    c:/nxp/mcuxpressoide_11.6.1_8255/ide/plugins/com.nxp.mcuxpresso.tools.win32_11.6.1.202207200623/tools/bin/../lib/gcc/arm-none-eabi/10.3.1/thumb/v6-m/nofp\libcr_eabihelpers.a(double.o)
__aeabi_dcmple                                    c:/nxp/mcuxpressoide_11.6.1_8255/ide/plugins/com.nxp.mcuxpresso.tools.win32_11.6.1.202207200623/tools/bin/../lib/gcc/arm-none-eabi/10.3.1/thumb/v6-m/nofp\libcr_eabihelpers.a(double.o)
                                                  c:/nxp/mcuxpressoide_11.6.1_8255/ide/plugins/com.nxp.mcuxpresso.tools.win32_11.6.1.202207200623/tools/bin/../lib/gcc/arm-none-eabi/10.3.1/../../../../arm-none-eabi/lib/thumb/v6-m/nofp\libcr_c.a(fpprintf.o)
__aeabi_dcmplt                                    c:/nxp/mcuxpressoide_11.6.1_8255/ide/plugins/com.nxp.mcuxpresso.tools.win32_11.6.1.202207200623/tools/bin/../lib/gcc/arm-none-eabi/10.3.1/thumb/v6-m/nofp\libcr_eabihelpers.a(double.o)
                                                  c:/nxp/mcuxpressoide_11.6.1_8255/ide/plugins/com.nxp.mcuxpresso.tools.win32_11.6.1.202207200623/tools/bin/../lib/gcc/arm-none-eabi/10.3.1/../../../../arm-none-eabi/lib/thumb/v6-m/nofp\libcr_c.a(fpprintf.o)