../startup/startup_lpc8n04.c:249:6:data_init	8	static
../startup/startup_lpc8n04.c:258:6:bss_init	0	static
../startup/startup_lpc8n04.c:283:6:ResetISR	8	static
../startup/startup_lpc8n04.c:368:14:NMI_Handler	0	static
../startup/startup_lpc8n04.c:372:14:HardFault_Handler	0	static
../startup/startup_lpc8n04.c:376:14:SVC_Handler	0	static
../startup/startup_lpc8n04.c:380:14:PendSV_Handler	0	static
../startup/startup_lpc8n04.c:384:14:SysTick_Handler	0	static
../startup/startup_lpc8n04.c:392:14:IntDefaultHandler	0	static
../startup/startup_lpc8n04.c:402:14:PIO0_0_IRQHandler	8	static
../startup/startup_lpc8n04.c:406:14:PIO0_1_IRQHandler	8	static
../startup/startup_lpc8n04.c:410:14:PIO0_2_IRQHandler	8	static
../startup/startup_lpc8n04.c:414:14:PIO0_3_IRQHandler	8	static
../startup/startup_lpc8n04.c:418:14:PIO0_4_IRQHandler	8	static
../startup/startup_lpc8n04.c:422:14:PIO0_5_IRQHandler	8	static
../startup/startup_lpc8n04.c:426:14:PIO0_6_IRQHandler	8	static
../startup/startup_lpc8n04.c:430:14:PIO0_7_IRQHandler	8	static
../startup/startup_lpc8n04.c:434:14:PIO0_8_IRQHandler	8	static
../startup/startup_lpc8n04.c:438:14:PIO0_9_IRQHandler	8	static
../startup/startup_lpc8n04.c:442:14:PIO0_10_IRQHandler	8	static
../startup/startup_lpc8n04.c:446:14:RFFIELD_IRQHandler	8	static
../startup/startup_lpc8n04.c:450:14:RTCPWREQ_IRQHandler	8	static
../startup/startup_lpc8n04.c:454:14:NFC_IRQHandler	8	static
../startup/startup_lpc8n04.c:458:14:RTC_IRQHandler	8	static
../startup/startup_lpc8n04.c:462:14:I2C0_IRQHandler	8	static
../startup/startup_lpc8n04.c:466:14:CTIMER0_IRQHandler	8	static
../startup/startup_lpc8n04.c:470:14:PMUFLD_IRQHandler	8	static
../startup/startup_lpc8n04.c:474:14:CTIMER1_IRQHandler	8	static
../startup/startup_lpc8n04.c:478:14:PMUBOD_IRQHandler	8	static
../startup/startup_lpc8n04.c:482:14:SSP0_IRQHandler	8	static
../startup/startup_lpc8n04.c:486:14:TSEN_IRQHandler	8	static
../startup/startup_lpc8n04.c:490:14:C2D_IRQHandler	8	static
../startup/startup_lpc8n04.c:494:14:Reserved39_IRQHandler	8	static
../startup/startup_lpc8n04.c:498:14:I2D_IRQHandler	8	static
../startup/startup_lpc8n04.c:502:14:ADCDAC_IRQHandler	8	static
../startup/startup_lpc8n04.c:506:14:WDT_IRQHandler	8	static
../startup/startup_lpc8n04.c:510:14:FLASH_IRQHandler	8	static
../startup/startup_lpc8n04.c:514:14:EEPROM_IRQHandler	8	static
../startup/startup_lpc8n04.c:518:14:Reserved45_IRQHandler	8	static
../startup/startup_lpc8n04.c:522:14:Reserved46_IRQHandler	8	static
../startup/startup_lpc8n04.c:526:14:PIO0_IRQHandler	8	static
